Archive member included to satisfy reference by file (symbol)

app/libapp.a(gpio_user.c.obj)
                              (--whole-archive)
app/libapp.a(main.c.obj)      (--whole-archive)
zephyr/libzephyr.a(cbprintf.c.obj)
                              (--whole-archive)
zephyr/libzephyr.a(cbprintf_packaged.c.obj)
                              (--whole-archive)
zephyr/libzephyr.a(crc32c_sw.c.obj)
                              (--whole-archive)
zephyr/libzephyr.a(crc32_sw.c.obj)
                              (--whole-archive)
zephyr/libzephyr.a(crc16_sw.c.obj)
                              (--whole-archive)
zephyr/libzephyr.a(crc8_sw.c.obj)
                              (--whole-archive)
zephyr/libzephyr.a(crc7_sw.c.obj)
                              (--whole-archive)
zephyr/libzephyr.a(dec.c.obj)
                              (--whole-archive)
zephyr/libzephyr.a(fdtable.c.obj)
                              (--whole-archive)
zephyr/libzephyr.a(hex.c.obj)
                              (--whole-archive)
zephyr/libzephyr.a(notify.c.obj)
                              (--whole-archive)
zephyr/libzephyr.a(printk.c.obj)
                              (--whole-archive)
zephyr/libzephyr.a(onoff.c.obj)
                              (--whole-archive)
zephyr/libzephyr.a(rb.c.obj)  (--whole-archive)
zephyr/libzephyr.a(sem.c.obj)
                              (--whole-archive)
zephyr/libzephyr.a(thread_entry.c.obj)
                              (--whole-archive)
zephyr/libzephyr.a(timeutil.c.obj)
                              (--whole-archive)
zephyr/libzephyr.a(heap.c.obj)
                              (--whole-archive)
zephyr/libzephyr.a(heap-validate.c.obj)
                              (--whole-archive)
zephyr/libzephyr.a(bitarray.c.obj)
                              (--whole-archive)
zephyr/libzephyr.a(multi_heap.c.obj)
                              (--whole-archive)
zephyr/libzephyr.a(cbprintf_complete.c.obj)
                              (--whole-archive)
zephyr/libzephyr.a(configs.c.obj)
                              (--whole-archive)
zephyr/libzephyr.a(soc.c.obj)
                              (--whole-archive)
zephyr/libzephyr.a(stm32cube_hal.c.obj)
                              (--whole-archive)
zephyr/libzephyr.a(soc_config.c.obj)
                              (--whole-archive)
zephyr/libzephyr.a(tracing_none.c.obj)
                              (--whole-archive)
zephyr/arch/common/libarch__common.a(sw_isr_common.c.obj)
                              (--whole-archive)
zephyr/arch/arch/arm/core/aarch32/libarch__arm__core__aarch32.a(cpu_idle.S.obj)
                              (--whole-archive)
zephyr/arch/arch/arm/core/aarch32/libarch__arm__core__aarch32.a(fatal.c.obj)
                              (--whole-archive)
zephyr/arch/arch/arm/core/aarch32/libarch__arm__core__aarch32.a(irq_manage.c.obj)
                              (--whole-archive)
zephyr/arch/arch/arm/core/aarch32/libarch__arm__core__aarch32.a(nmi.c.obj)
                              (--whole-archive)
zephyr/arch/arch/arm/core/aarch32/libarch__arm__core__aarch32.a(nmi_on_reset.S.obj)
                              (--whole-archive)
zephyr/arch/arch/arm/core/aarch32/libarch__arm__core__aarch32.a(prep_c.c.obj)
                              (--whole-archive)
zephyr/arch/arch/arm/core/aarch32/libarch__arm__core__aarch32.a(swap.c.obj)
                              (--whole-archive)
zephyr/arch/arch/arm/core/aarch32/libarch__arm__core__aarch32.a(swap_helper.S.obj)
                              (--whole-archive)
zephyr/arch/arch/arm/core/aarch32/libarch__arm__core__aarch32.a(thread.c.obj)
                              (--whole-archive)
zephyr/arch/arch/arm/core/aarch32/libarch__arm__core__aarch32.a(isr_wrapper.S.obj)
                              (--whole-archive)
zephyr/arch/arch/arm/core/aarch32/cortex_m/libarch__arm__core__aarch32__cortex_m.a(exc_exit.S.obj)
                              (--whole-archive)
zephyr/arch/arch/arm/core/aarch32/cortex_m/libarch__arm__core__aarch32__cortex_m.a(fault.c.obj)
                              (--whole-archive)
zephyr/arch/arch/arm/core/aarch32/cortex_m/libarch__arm__core__aarch32__cortex_m.a(fault_s.S.obj)
                              (--whole-archive)
zephyr/arch/arch/arm/core/aarch32/cortex_m/libarch__arm__core__aarch32__cortex_m.a(fpu.c.obj)
                              (--whole-archive)
zephyr/arch/arch/arm/core/aarch32/cortex_m/libarch__arm__core__aarch32__cortex_m.a(irq_init.c.obj)
                              (--whole-archive)
zephyr/arch/arch/arm/core/aarch32/cortex_m/libarch__arm__core__aarch32__cortex_m.a(reset.S.obj)
                              (--whole-archive)
zephyr/arch/arch/arm/core/aarch32/cortex_m/libarch__arm__core__aarch32__cortex_m.a(scb.c.obj)
                              (--whole-archive)
zephyr/arch/arch/arm/core/aarch32/cortex_m/libarch__arm__core__aarch32__cortex_m.a(thread_abort.c.obj)
                              (--whole-archive)
[...]
Memory Configuration

Name             Origin             Length             Attributes
FLASH            0x0000000008000000 0x0000000000200000 xr
SRAM             0x0000000020020000 0x0000000000060000 xw
DTCM             0x0000000020000000 0x0000000000020000
IDT_LIST         0x00000000fffff7ff 0x0000000000000800 xw
*default*        0x0000000000000000 0xffffffffffffffff

Linker script and memory map

LOAD zephyr/CMakeFiles/zephyr_pre1.dir/misc/empty_file.c.obj
LOAD zephyr/CMakeFiles/zephyr_pre1.dir/dev_handles.c.obj
LOAD zephyr/CMakeFiles/offsets.dir/./arch/arm/core/offsets/offsets.c.obj
                0x0000000000000020                _region_min_align = 0x20

.rel.plt        0x0000000008000000        0x0
 *(SORT_BY_ALIGNMENT(.rel.plt))
                [!provide]                        PROVIDE (__rel_iplt_start = .)
 *(SORT_BY_ALIGNMENT(.rel.iplt))
 .rel.iplt      0x0000000008000000        0x0 app/libapp.a(gpio_user.c.obj)
                [!provide]                        PROVIDE (__rel_iplt_end = .)

.rela.plt       0x0000000000000000        0x0
 *(SORT_BY_ALIGNMENT(.rela.plt))
                [!provide]                        PROVIDE (__rela_iplt_start = .)
 *(SORT_BY_ALIGNMENT(.rela.iplt))
                [!provide]                        PROVIDE (__rela_iplt_end = .)

.rel.dyn
 *(SORT_BY_ALIGNMENT(.rel.*))

.rela.dyn
 *(SORT_BY_ALIGNMENT(.rela.*))

/DISCARD/
 *(SORT_BY_ALIGNMENT(.plt))
 *(SORT_BY_ALIGNMENT(.iplt))
 *(SORT_BY_ALIGNMENT(.got.plt))
 *(SORT_BY_ALIGNMENT(.igot.plt))
 *(SORT_BY_ALIGNMENT(.got))
 *(SORT_BY_ALIGNMENT(.igot))
 *(SORT_BY_ALIGNMENT(.note.GNU-stack))
                0x0000000008000000                __rom_region_start = 0x8000000

rom_start       0x0000000008000000      0x1f8
                0x0000000000000000                . = 0x0
                0x0000000000000000                . = ALIGN (0x4)
                0x0000000000000000                . = ALIGN (0x80)
                0x0000000000000000                . = ALIGN (0x200)
                0x0000000008000000                _vector_start = .
 *(SORT_BY_ALIGNMENT(.exc_vector_table))
 *(SORT_BY_ALIGNMENT(.exc_vector_table.*))
 .exc_vector_table._vector_table_section
                0x0000000008000000       0x40 zephyr/arch/arch/arm/core/aarch32/cortex_m/libarch__arm__core__aarch32__cortex_m.a(vector_table.S.obj)
                0x0000000008000000                _vector_table
 *(SORT_BY_ALIGNMENT(.gnu.linkonce.irq_vector_table*))
 .gnu.linkonce.irq_vector_table
                0x0000000008000040      0x1b8 zephyr/arch/common/libisr_tables.a(isr_tables.c.obj)
                0x0000000008000040                _irq_vector_table
 *(SORT_BY_ALIGNMENT(.vectors))
                0x00000000080001f8                _vector_end = .

text            0x00000000080001f8     0x30de
                0x00000000080001f8                __text_region_start = .
 *(SORT_BY_ALIGNMENT(.text))
 .text          0x00000000080001f8       0x30 /home/jonathan/zephyr-sdk-0.13.2/arm-zephyr-eabi/bin/../lib/gcc/arm-zephyr-eabi/10.3.0/thumb/v7e-m/nofp/libgcc.a(_aeabi_uldivmod.o)
                0x00000000080001f8                __aeabi_uldivmod
 .text          0x0000000008000228        0x4 /home/jonathan/zephyr-sdk-0.13.2/arm-zephyr-eabi/bin/../lib/gcc/arm-zephyr-eabi/10.3.0/thumb/v7e-m/nofp/libgcc.a(_dvmd_tls.o)
                0x0000000008000228                __aeabi_ldiv0
                0x0000000008000228                __aeabi_idiv0
 .text          0x000000000800022c      0x2a6 /home/jonathan/zephyr-sdk-0.13.2/arm-zephyr-eabi/bin/../lib/gcc/arm-zephyr-eabi/10.3.0/thumb/v7e-m/nofp/libgcc.a(_udivmoddi4.o)
                0x000000000800022c                __udivmoddi4
 *(SORT_BY_ALIGNMENT(.text.*))
 *fill*         0x00000000080004d2        0x2 
 .text.hardware_config
                0x00000000080004d4       0x5c app/libapp.a(gpio_user.c.obj)
                0x00000000080004d4                hardware_config
 .text.app      0x0000000008000530       0x30 app/libapp.a(gpio_user.c.obj)
                0x0000000008000530                app
 .text.char_out
                0x0000000008000560       0x10 zephyr/libzephyr.a(printk.c.obj)
 .text.__printk_hook_install
                0x0000000008000570        0xc zephyr/libzephyr.a(printk.c.obj)
                0x0000000008000570                __printk_hook_install
 .text.vprintk  0x000000000800057c       0x1c zephyr/libzephyr.a(printk.c.obj)
                0x000000000800057c                vprintk
 .text.cbvprintf
                0x0000000008000598      0x784 zephyr/libzephyr.a(cbprintf_complete.c.obj)
                0x0000000008000598                cbvprintf
 .text.st_stm32f7_init
                0x0000000008000d1c       0xc4 zephyr/libzephyr.a(soc.c.obj)
 .text.z_arm_cpu_idle_init
                0x0000000008000de0        0xc zephyr/arch/arch/arm/core/aarch32/libarch__arm__core__aarch32.a(cpu_idle.S.obj)
                0x0000000008000de0                z_arm_cpu_idle_init
 .text.arch_cpu_idle
                0x0000000008000dec       0x1c zephyr/arch/arch/arm/core/aarch32/libarch__arm__core__aarch32.a(cpu_idle.S.obj)
                0x0000000008000dec                arch_cpu_idle
 .text.arch_irq_enable
                0x0000000008000e08       0x20 zephyr/arch/arch/arm/core/aarch32/libarch__arm__core__aarch32.a(irq_manage.c.obj)
                0x0000000008000e08                arch_irq_enable
 .text.z_arm_irq_priority_set
                0x0000000008000e28       0x2c zephyr/arch/arch/arm/core/aarch32/libarch__arm__core__aarch32.a(irq_manage.c.obj)
                0x0000000008000e28                z_arm_irq_priority_set
 .text.z_SysNmiOnReset
                0x0000000008000e54        0x8 zephyr/arch/arch/arm/core/aarch32/libarch__arm__core__aarch32.a(nmi_on_reset.S.obj)
                0x0000000008000e54                z_SysNmiOnReset
 .text.z_arm_prep_c
                0x0000000008000e5c       0x48 zephyr/arch/arch/arm/core/aarch32/libarch__arm__core__aarch32.a(prep_c.c.obj)
                0x0000000008000e5c                z_arm_prep_c
 .text.arch_swap
                0x0000000008000ea4       0x34 zephyr/arch/arch/arm/core/aarch32/libarch__arm__core__aarch32.a(swap.c.obj)
                0x0000000008000ea4                arch_swap
 .text.z_arm_pendsv
                0x0000000008000ed8       0x54 zephyr/arch/arch/arm/core/aarch32/libarch__arm__core__aarch32.a(swap_helper.S.obj)
                0x0000000008000ed8                z_arm_pendsv
 .text.z_arm_svc
                0x0000000008000f2c       0x20 zephyr/arch/arch/arm/core/aarch32/libarch__arm__core__aarch32.a(swap_helper.S.obj)
                0x0000000008000f2c                z_arm_svc
 .text.arch_new_thread
                0x0000000008000f4c       0x2c zephyr/arch/arch/arm/core/aarch32/libarch__arm__core__aarch32.a(thread.c.obj)
                0x0000000008000f4c                arch_new_thread
 .text.z_check_thread_stack_fail
                0x0000000008000f78       0x2c zephyr/arch/arch/arm/core/aarch32/libarch__arm__core__aarch32.a(thread.c.obj)
                0x0000000008000f78                z_check_thread_stack_fail
 .text.arch_switch_to_main_thread
                0x0000000008000fa4       0x2c zephyr/arch/arch/arm/core/aarch32/libarch__arm__core__aarch32.a(thread.c.obj)
                0x0000000008000fa4                arch_switch_to_main_thread
 .text._isr_wrapper
                0x0000000008000fd0       0x28 zephyr/arch/arch/arm/core/aarch32/libarch__arm__core__aarch32.a(isr_wrapper.S.obj)
                0x0000000008000fd0                _isr_wrapper
 .text._HandlerModeExit
                0x0000000008000ff8       0x1c zephyr/arch/arch/arm/core/aarch32/cortex_m/libarch__arm__core__aarch32__cortex_m.a(exc_exit.S.obj)
                0x0000000008000ff8                z_arm_exc_exit
                0x0000000008000ff8                z_arm_int_exit
 .text.mem_manage_fault
                0x0000000008001014       0x6c zephyr/arch/arch/arm/core/aarch32/cortex_m/libarch__arm__core__aarch32__cortex_m.a(fault.c.obj)
 .text.bus_fault.constprop.0
                0x0000000008001080       0x3c zephyr/arch/arch/arm/core/aarch32/cortex_m/libarch__arm__core__aarch32__cortex_m.a(fault.c.obj)
 .text.z_arm_fault
                0x00000000080010bc      0x128 zephyr/arch/arch/arm/core/aarch32/cortex_m/libarch__arm__core__aarch32__cortex_m.a(fault.c.obj)
                0x00000000080010bc                z_arm_fault
 .text.z_arm_fault_init
                0x00000000080011e4       0x10 zephyr/arch/arch/arm/core/aarch32/cortex_m/libarch__arm__core__aarch32__cortex_m.a(fault.c.obj)
                0x00000000080011e4                z_arm_fault_init
 .text.__fault  0x00000000080011f4       0x14 zephyr/arch/arch/arm/core/aarch32/cortex_m/libarch__arm__core__aarch32__cortex_m.a(fault_s.S.obj)
                0x00000000080011f4                z_arm_bus_fault
                0x00000000080011f4                z_arm_usage_fault
                0x00000000080011f4                z_arm_mpu_fault
                0x00000000080011f4                z_arm_exc_spurious
                0x00000000080011f4                z_arm_debug_monitor
                0x00000000080011f4                z_arm_hard_fault
 .text.z_arm_interrupt_init
                0x0000000008001208       0x18 zephyr/arch/arch/arm/core/aarch32/cortex_m/libarch__arm__core__aarch32__cortex_m.a(irq_init.c.obj)
                0x0000000008001208                z_arm_interrupt_init
 .text._reset_section
                0x0000000008001220       0x2c zephyr/arch/arch/arm/core/aarch32/cortex_m/libarch__arm__core__aarch32__cortex_m.a(reset.S.obj)
                0x0000000008001220                z_arm_reset
                0x0000000008001220                __start
 .text.z_impl_k_thread_abort
                0x000000000800124c       0x24 zephyr/arch/arch/arm/core/aarch32/cortex_m/libarch__arm__core__aarch32__cortex_m.a(thread_abort.c.obj)
                0x000000000800124c                z_impl_k_thread_abort
 .text.z_arm_configure_static_mpu_regions
                0x0000000008001270       0x18 zephyr/arch/arch/arm/core/aarch32/mpu/libarch__arm__core__aarch32__mpu.a(arm_core_mpu.c.obj)
                0x0000000008001270                z_arm_configure_static_mpu_regions
 .text.z_arm_configure_dynamic_mpu_regions
                0x0000000008001288       0x20 zephyr/arch/arch/arm/core/aarch32/mpu/libarch__arm__core__aarch32__mpu.a(arm_core_mpu.c.obj)
                0x0000000008001288                z_arm_configure_dynamic_mpu_regions
 .text.mpu_configure_regions
                0x00000000080012a8       0x84 zephyr/arch/arch/arm/core/aarch32/mpu/libarch__arm__core__aarch32__mpu.a(arm_mpu.c.obj)
 .text.arm_core_mpu_enable
                0x000000000800132c       0x18 zephyr/arch/arch/arm/core/aarch32/mpu/libarch__arm__core__aarch32__mpu.a(arm_mpu.c.obj)
                0x000000000800132c                arm_core_mpu_enable
 .text.arm_core_mpu_disable
                0x0000000008001344       0x14 zephyr/arch/arch/arm/core/aarch32/mpu/libarch__arm__core__aarch32__mpu.a(arm_mpu.c.obj)
                0x0000000008001344                arm_core_mpu_disable
 .text.arm_core_mpu_configure_static_mpu_regions
                0x0000000008001358       0x14 zephyr/arch/arch/arm/core/aarch32/mpu/libarch__arm__core__aarch32__mpu.a(arm_mpu.c.obj)
                0x0000000008001358                arm_core_mpu_configure_static_mpu_regions
 .text.arm_core_mpu_configure_dynamic_mpu_regions
                0x000000000800136c       0x30 zephyr/arch/arch/arm/core/aarch32/mpu/libarch__arm__core__aarch32__mpu.a(arm_mpu.c.obj)
                0x000000000800136c                arm_core_mpu_configure_dynamic_mpu_regions
 .text.z_arm_mpu_init
                0x000000000800139c       0x60 zephyr/arch/arch/arm/core/aarch32/mpu/libarch__arm__core__aarch32__mpu.a(arm_mpu.c.obj)
                0x000000000800139c                z_arm_mpu_init
 .text.__stdout_hook_install
                0x00000000080013fc        0xc zephyr/lib/libc/minimal/liblib__libc__minimal.a(stdout_console.c.obj)
                0x00000000080013fc                __stdout_hook_install
 .text.__stm32_exti_isr.isra.0
                0x0000000008001408       0x40 zephyr/drivers/interrupt_controller/libdrivers__interrupt_controller.a(intc_exti_stm32.c.obj)
 .text.stm32_exti_enable
                0x0000000008001448       0x1c zephyr/drivers/interrupt_controller/libdrivers__interrupt_controller.a(intc_exti_stm32.c.obj)
                0x0000000008001448                stm32_exti_enable
 .text.stm32_exti_disable
                0x0000000008001464       0x1c zephyr/drivers/interrupt_controller/libdrivers__interrupt_controller.a(intc_exti_stm32.c.obj)
                0x0000000008001464                stm32_exti_disable
 .text.stm32_exti_trigger
                0x0000000008001480       0x68 zephyr/drivers/interrupt_controller/libdrivers__interrupt_controller.a(intc_exti_stm32.c.obj)
                0x0000000008001480                stm32_exti_trigger
 .text.stm32_exti_set_callback
                0x00000000080014e8       0x24 zephyr/drivers/interrupt_controller/libdrivers__interrupt_controller.a(intc_exti_stm32.c.obj)
                0x00000000080014e8                stm32_exti_set_callback
 .text.stm32_exti_unset_callback
                0x000000000800150c       0x14 zephyr/drivers/interrupt_controller/libdrivers__interrupt_controller.a(intc_exti_stm32.c.obj)
                0x000000000800150c                stm32_exti_unset_callback
 .text.stm32_clock_control_on
                0x0000000008001520       0x88 zephyr/drivers/clock_control/libdrivers__clock_control.a(clock_stm32_ll_common.c.obj)
 .text.stm32_clock_control_off
                0x00000000080015a8       0x64 zephyr/drivers/clock_control/libdrivers__clock_control.a(clock_stm32_ll_common.c.obj)
 .text.stm32_clock_control_get_subsys_rate
                0x000000000800160c       0x28 zephyr/drivers/clock_control/libdrivers__clock_control.a(clock_stm32_ll_common.c.obj)
 .text.stm32_clock_control_init
                0x0000000008001634       0x84 zephyr/drivers/clock_control/libdrivers__clock_control.a(clock_stm32_ll_common.c.obj)
                0x0000000008001634                stm32_clock_control_init
 .text.config_enable_default_clocks
                0x00000000080016b8       0x20 zephyr/drivers/clock_control/libdrivers__clock_control.a(clock_stm32f2_f4_f7.c.obj)
                0x00000000080016b8                config_enable_default_clocks
 .text.uart_console_init
                0x00000000080016d8       0x30 zephyr/drivers/console/libdrivers__console.a(uart_console.c.obj)
 .text.console_out
                0x0000000008001708       0x28 zephyr/drivers/console/libdrivers__console.a(uart_console.c.obj)
 .text.clock_control_on.constprop.0
                0x0000000008001730       0x28 zephyr/drivers/gpio/libdrivers__gpio.a(gpio_stm32.c.obj)
 .text.gpio_stm32_pin_interrupt_configure
                0x0000000008001758      0x100 zephyr/drivers/gpio/libdrivers__gpio.a(gpio_stm32.c.obj)
 .text.uart_stm32_init
                0x0000000008001858       0xe0 zephyr/drivers/serial/libdrivers__serial.a(uart_stm32.c.obj)
 .text.uart_stm32_configure
                0x0000000008001938      0x160 zephyr/drivers/serial/libdrivers__serial.a(uart_stm32.c.obj)
 .text.elapsed  0x0000000008001a98       0x3c zephyr/drivers/timer/libdrivers__timer.a(cortex_m_systick.c.obj)
 .text.sys_clock_driver_init
                0x0000000008001ad4       0x34 zephyr/drivers/timer/libdrivers__timer.a(cortex_m_systick.c.obj)
 .text.sys_clock_isr
                0x0000000008001b08       0x44 zephyr/drivers/timer/libdrivers__timer.a(cortex_m_systick.c.obj)
                0x0000000008001b08                sys_clock_isr
 .text.sys_clock_set_timeout
                0x0000000008001b4c       0xe0 zephyr/drivers/timer/libdrivers__timer.a(cortex_m_systick.c.obj)
                0x0000000008001b4c                sys_clock_set_timeout
 .text.sys_clock_elapsed
                0x0000000008001c2c       0x3c zephyr/drivers/timer/libdrivers__timer.a(cortex_m_systick.c.obj)
                0x0000000008001c2c                sys_clock_elapsed
 .text.pinctrl_configure_pins
                0x0000000008001c68       0x7c zephyr/drivers/pinctrl/libdrivers__pinctrl.a(pinctrl_stm32.c.obj)
                0x0000000008001c68                pinctrl_configure_pins
 .text.UTILS_PLL_IsBusy
                0x0000000008001ce4       0x28 modules/stm32/stm32cube/lib..__modules__hal__stm32__stm32cube.a(stm32f7xx_ll_utils.c.obj)
 .text.LL_SetFlashLatency
                0x0000000008001d0c       0xec modules/stm32/stm32cube/lib..__modules__hal__stm32__stm32cube.a(stm32f7xx_ll_utils.c.obj)
                0x0000000008001d0c                LL_SetFlashLatency
 .text.UTILS_EnablePLLAndSwitchSystem
                0x0000000008001df8       0x94 modules/stm32/stm32cube/lib..__modules__hal__stm32__stm32cube.a(stm32f7xx_ll_utils.c.obj)
 .text.LL_PLL_ConfigSystemClock_HSE
                0x0000000008001e8c       0x88 modules/stm32/stm32cube/lib..__modules__hal__stm32__stm32cube.a(stm32f7xx_ll_utils.c.obj)
                0x0000000008001e8c                LL_PLL_ConfigSystemClock_HSE
 .text.z_sys_init_run_level
                0x0000000008001f14       0x40 zephyr/kernel/libkernel.a(device.c.obj)
                0x0000000008001f14                z_sys_init_run_level
 .text.bg_thread_main
                0x0000000008001f54       0x34 zephyr/kernel/libkernel.a(init.c.obj)
 .text.z_bss_zero
                0x0000000008001f88       0x2c zephyr/kernel/libkernel.a(init.c.obj)
                0x0000000008001f88                z_bss_zero
 .text.z_init_cpu
                0x0000000008001fb4       0x70 zephyr/kernel/libkernel.a(init.c.obj)
                0x0000000008001fb4                z_init_cpu
 .text.z_cstart
                0x0000000008002024       0xc8 zephyr/kernel/libkernel.a(init.c.obj)
                0x0000000008002024                z_cstart
 .text.z_setup_new_thread
                0x00000000080020ec       0x64 zephyr/kernel/libkernel.a(thread.c.obj)
                0x00000000080020ec                z_setup_new_thread
 .text.z_init_static_threads
                0x0000000008002150       0x94 zephyr/kernel/libkernel.a(thread.c.obj)
                0x0000000008002150                z_init_static_threads
 .text.z_reset_time_slice
                0x00000000080021e4       0x28 zephyr/kernel/libkernel.a(sched.c.obj)
                0x00000000080021e4                z_reset_time_slice
 .text.k_sched_time_slice_set
                0x000000000800220c       0x50 zephyr/kernel/libkernel.a(sched.c.obj)
                0x000000000800220c                k_sched_time_slice_set
 .text.z_reschedule
                0x000000000800225c       0x24 zephyr/kernel/libkernel.a(sched.c.obj)
                0x000000000800225c                z_reschedule
 .text.k_sched_lock
                0x0000000008002280       0x28 zephyr/kernel/libkernel.a(sched.c.obj)
                0x0000000008002280                k_sched_lock
 .text.update_cache
                0x00000000080022a8       0x40 zephyr/kernel/libkernel.a(sched.c.obj)
 .text.move_thread_to_end_of_prio_q
                0x00000000080022e8       0x74 zephyr/kernel/libkernel.a(sched.c.obj)
 .text.z_time_slice
                0x000000000800235c       0x84 zephyr/kernel/libkernel.a(sched.c.obj)
                0x000000000800235c                z_time_slice
 .text.ready_thread
                0x00000000080023e0       0x6c zephyr/kernel/libkernel.a(sched.c.obj)
 .text.z_sched_start
                0x000000000800244c       0x3c zephyr/kernel/libkernel.a(sched.c.obj)
                0x000000000800244c                z_sched_start
 .text.unready_thread
                0x0000000008002488       0x30 zephyr/kernel/libkernel.a(sched.c.obj)
 .text.z_impl_k_thread_suspend
                0x00000000080024b8       0x64 zephyr/kernel/libkernel.a(sched.c.obj)
                0x00000000080024b8                z_impl_k_thread_suspend
 .text.k_sched_unlock
                0x000000000800251c       0x38 zephyr/kernel/libkernel.a(sched.c.obj)
                0x000000000800251c                k_sched_unlock
 .text.z_sched_init
                0x0000000008002554       0x18 zephyr/kernel/libkernel.a(sched.c.obj)
                0x0000000008002554                z_sched_init
 .text.z_impl_k_yield
                0x000000000800256c       0x80 zephyr/kernel/libkernel.a(sched.c.obj)
                0x000000000800256c                z_impl_k_yield
 .text.z_tick_sleep
                0x00000000080025ec       0x90 zephyr/kernel/libkernel.a(sched.c.obj)
 .text.z_impl_k_sleep
                0x000000000800267c       0x30 zephyr/kernel/libkernel.a(sched.c.obj)
                0x000000000800267c                z_impl_k_sleep
 .text.z_impl_z_current_get
                0x00000000080026ac        0xc zephyr/kernel/libkernel.a(sched.c.obj)
                0x00000000080026ac                z_impl_z_current_get
 .text.z_thread_abort
                0x00000000080026b8       0xa4 zephyr/kernel/libkernel.a(sched.c.obj)
                0x00000000080026b8                z_thread_abort
 .text.z_data_copy
                0x000000000800275c       0x4c zephyr/kernel/libkernel.a(xip.c.obj)
                0x000000000800275c                z_data_copy
 .text.elapsed  0x00000000080027a8       0x14 zephyr/kernel/libkernel.a(timeout.c.obj)
 .text.next_timeout
                0x00000000080027bc       0x4c zephyr/kernel/libkernel.a(timeout.c.obj)
 .text.remove_timeout
                0x0000000008002808       0x34 zephyr/kernel/libkernel.a(timeout.c.obj)
 .text.z_add_timeout
                0x000000000800283c       0xf4 zephyr/kernel/libkernel.a(timeout.c.obj)
                0x000000000800283c                z_add_timeout
 .text.sys_clock_announce
                0x0000000008002930       0xb8 zephyr/kernel/libkernel.a(timeout.c.obj)
                0x0000000008002930                sys_clock_announce
 .text.sys_clock_tick_get
                0x00000000080029e8       0x30 zephyr/kernel/libkernel.a(timeout.c.obj)
                0x00000000080029e8                sys_clock_tick_get
 .text.boot_banner
                0x0000000008002a18       0x18 zephyr/kernel/libkernel.a(banner.c.obj)
                0x0000000008002a18                boot_banner
 .text._OffsetAbsSyms
                0x0000000008002a30        0x2 zephyr/CMakeFiles/offsets.dir/./arch/arm/core/offsets/offsets.c.obj
                0x0000000008002a30                _OffsetAbsSyms
 .text.gpio_pin_set_dt
                0x0000000008002a32       0x28 app/libapp.a(gpio_user.c.obj)
 .text.gpio_pin_toggle_dt
                0x0000000008002a5a       0x10 app/libapp.a(gpio_user.c.obj)
 .text.gpio_pin_configure_dt.constprop.0
                0x0000000008002a6a       0x36 app/libapp.a(gpio_user.c.obj)
 .text.main     0x0000000008002aa0        0xc app/libapp.a(main.c.obj)
                0x0000000008002aa0                main
 .text.arch_printk_char_out
                0x0000000008002aac        0x4 zephyr/libzephyr.a(printk.c.obj)
                0x0000000008002aac                arch_printk_char_out
 .text.printk   0x0000000008002ab0       0x1a zephyr/libzephyr.a(printk.c.obj)
                0x0000000008002ab0                printk
 .text.z_thread_entry
                0x0000000008002aca       0x14 zephyr/libzephyr.a(thread_entry.c.obj)
                0x0000000008002aca                z_thread_entry
 .text.encode_uint
                0x0000000008002ade       0x8c zephyr/libzephyr.a(cbprintf_complete.c.obj)
 .text.outs     0x0000000008002b6a       0x2c zephyr/libzephyr.a(cbprintf_complete.c.obj)
 .text._ConfigAbsSyms
                0x0000000008002b96        0x2 zephyr/libzephyr.a(configs.c.obj)
                0x0000000008002b96                _ConfigAbsSyms
 .text.st_stm32_common_config
                0x0000000008002b98        0x4 zephyr/libzephyr.a(soc_config.c.obj)
 .text.z_arm_fatal_error
                0x0000000008002b9c        0x4 zephyr/arch/arch/arm/core/aarch32/libarch__arm__core__aarch32.a(fatal.c.obj)
                0x0000000008002b9c                z_arm_fatal_error
 .text.z_do_kernel_oops
                0x0000000008002ba0        0x8 zephyr/arch/arch/arm/core/aarch32/libarch__arm__core__aarch32.a(fatal.c.obj)
                0x0000000008002ba0                z_do_kernel_oops
 .text.z_irq_spurious
                0x0000000008002ba8        0x8 zephyr/arch/arch/arm/core/aarch32/libarch__arm__core__aarch32.a(irq_manage.c.obj)
                0x0000000008002ba8                z_irq_spurious
 .text.z_arm_nmi
                0x0000000008002bb0        0xe zephyr/arch/arch/arm/core/aarch32/libarch__arm__core__aarch32.a(nmi.c.obj)
                0x0000000008002bb0                z_arm_nmi
 .text.strlen   0x0000000008002bbe        0xe zephyr/lib/libc/minimal/liblib__libc__minimal.a(string.c.obj)
                0x0000000008002bbe                strlen
 .text.strnlen  0x0000000008002bcc       0x12 zephyr/lib/libc/minimal/liblib__libc__minimal.a(string.c.obj)
                0x0000000008002bcc                strnlen
 .text.memcpy   0x0000000008002bde       0x16 zephyr/lib/libc/minimal/liblib__libc__minimal.a(string.c.obj)
                0x0000000008002bde                memcpy
 .text.memset   0x0000000008002bf4       0x12 zephyr/lib/libc/minimal/liblib__libc__minimal.a(string.c.obj)
                0x0000000008002bf4                memset
 .text._stdout_hook_default
                0x0000000008002c06        0x6 zephyr/lib/libc/minimal/liblib__libc__minimal.a(stdout_console.c.obj)
 .text.stm32_exti_init
                0x0000000008002c0c       0x7e zephyr/drivers/interrupt_controller/libdrivers__interrupt_controller.a(intc_exti_stm32.c.obj)
 .text.__stm32_exti_isr_23
                0x0000000008002c8a        0xa zephyr/drivers/interrupt_controller/libdrivers__interrupt_controller.a(intc_exti_stm32.c.obj)
 .text.__stm32_exti_isr_22
                0x0000000008002c94        0xa zephyr/drivers/interrupt_controller/libdrivers__interrupt_controller.a(intc_exti_stm32.c.obj)
 .text.__stm32_exti_isr_21
                0x0000000008002c9e        0xa zephyr/drivers/interrupt_controller/libdrivers__interrupt_controller.a(intc_exti_stm32.c.obj)
 .text.__stm32_exti_isr_18
                0x0000000008002ca8        0xa zephyr/drivers/interrupt_controller/libdrivers__interrupt_controller.a(intc_exti_stm32.c.obj)
 .text.__stm32_exti_isr_16
                0x0000000008002cb2        0xa zephyr/drivers/interrupt_controller/libdrivers__interrupt_controller.a(intc_exti_stm32.c.obj)
 .text.__stm32_exti_isr_15_10
                0x0000000008002cbc        0xa zephyr/drivers/interrupt_controller/libdrivers__interrupt_controller.a(intc_exti_stm32.c.obj)
 .text.__stm32_exti_isr_9_5
                0x0000000008002cc6        0xa zephyr/drivers/interrupt_controller/libdrivers__interrupt_controller.a(intc_exti_stm32.c.obj)
 .text.__stm32_exti_isr_4
                0x0000000008002cd0        0xa zephyr/drivers/interrupt_controller/libdrivers__interrupt_controller.a(intc_exti_stm32.c.obj)
 .text.__stm32_exti_isr_3
                0x0000000008002cda        0xa zephyr/drivers/interrupt_controller/libdrivers__interrupt_controller.a(intc_exti_stm32.c.obj)
 .text.__stm32_exti_isr_2
                0x0000000008002ce4        0xa zephyr/drivers/interrupt_controller/libdrivers__interrupt_controller.a(intc_exti_stm32.c.obj)
 .text.__stm32_exti_isr_1
                0x0000000008002cee        0xa zephyr/drivers/interrupt_controller/libdrivers__interrupt_controller.a(intc_exti_stm32.c.obj)
 .text.__stm32_exti_isr_0
                0x0000000008002cf8        0xa zephyr/drivers/interrupt_controller/libdrivers__interrupt_controller.a(intc_exti_stm32.c.obj)
 .text.config_pll_init
                0x0000000008002d02        0xe zephyr/drivers/clock_control/libdrivers__clock_control.a(clock_stm32f2_f4_f7.c.obj)
                0x0000000008002d02                config_pll_init
 .text.LL_RCC_MSI_Disable
                0x0000000008002d10        0x2 zephyr/drivers/clock_control/libdrivers__clock_control.a(clock_stm32f2_f4_f7.c.obj)
                0x0000000008002d10                LL_RCC_MSI_Disable
 .text.gpio_stm32_port_get_raw
                0x0000000008002d12        0xc zephyr/drivers/gpio/libdrivers__gpio.a(gpio_stm32.c.obj)
 .text.gpio_stm32_port_set_masked_raw
                0x0000000008002d1e       0x12 zephyr/drivers/gpio/libdrivers__gpio.a(gpio_stm32.c.obj)
 .text.gpio_stm32_port_set_bits_raw
                0x0000000008002d30        0xa zephyr/drivers/gpio/libdrivers__gpio.a(gpio_stm32.c.obj)
 .text.gpio_stm32_port_clear_bits_raw
                0x0000000008002d3a        0xc zephyr/drivers/gpio/libdrivers__gpio.a(gpio_stm32.c.obj)
 .text.gpio_stm32_port_toggle_bits
                0x0000000008002d46        0xe zephyr/drivers/gpio/libdrivers__gpio.a(gpio_stm32.c.obj)
 .text.gpio_stm32_manage_callback
                0x0000000008002d54       0x54 zephyr/drivers/gpio/libdrivers__gpio.a(gpio_stm32.c.obj)
 .text.gpio_stm32_init
                0x0000000008002da8       0x14 zephyr/drivers/gpio/libdrivers__gpio.a(gpio_stm32.c.obj)
 .text.gpio_stm32_configure_raw.isra.0
                0x0000000008002dbc      0x114 zephyr/drivers/gpio/libdrivers__gpio.a(gpio_stm32.c.obj)
 .text.gpio_stm32_config
                0x0000000008002ed0       0x7c zephyr/drivers/gpio/libdrivers__gpio.a(gpio_stm32.c.obj)
 .text.gpio_stm32_isr
                0x0000000008002f4c       0x26 zephyr/drivers/gpio/libdrivers__gpio.a(gpio_stm32.c.obj)
 .text.gpio_stm32_configure
                0x0000000008002f72        0xc zephyr/drivers/gpio/libdrivers__gpio.a(gpio_stm32.c.obj)
                0x0000000008002f72                gpio_stm32_configure
 .text.uart_stm32_err_check
                0x0000000008002f7e       0x4c zephyr/drivers/serial/libdrivers__serial.a(uart_stm32.c.obj)
 .text.uart_stm32_set_baudrate
                0x0000000008002fca       0x42 zephyr/drivers/serial/libdrivers__serial.a(uart_stm32.c.obj)
 .text.uart_stm32_poll_out
                0x000000000800300c       0x3a zephyr/drivers/serial/libdrivers__serial.a(uart_stm32.c.obj)
 .text.uart_stm32_poll_in
                0x0000000008003046       0x22 zephyr/drivers/serial/libdrivers__serial.a(uart_stm32.c.obj)
 .text.uart_stm32_config_get
                0x0000000008003068       0x92 zephyr/drivers/serial/libdrivers__serial.a(uart_stm32.c.obj)
 .text.pinctrl_lookup_state
                0x00000000080030fa       0x30 zephyr/drivers/pinctrl/libdrivers__pinctrl.a(common.c.obj)
                0x00000000080030fa                pinctrl_lookup_state
 .text.z_device_state_init
                0x000000000800312a        0x2 zephyr/kernel/libkernel.a(device.c.obj)
                0x000000000800312a                z_device_state_init
 .text.z_device_is_ready
                0x000000000800312c       0x14 zephyr/kernel/libkernel.a(device.c.obj)
                0x000000000800312c                z_device_is_ready
 .text.arch_system_halt
                0x0000000008003140       0x12 zephyr/kernel/libkernel.a(fatal.c.obj)
                0x0000000008003140                arch_system_halt
 .text.k_sys_fatal_error_handler
                0x0000000008003152        0x6 zephyr/kernel/libkernel.a(fatal.c.obj)
                0x0000000008003152                k_sys_fatal_error_handler
 .text.z_fatal_error
                0x0000000008003158       0x36 zephyr/kernel/libkernel.a(fatal.c.obj)
                0x0000000008003158                z_fatal_error
 .text.z_early_memset
                0x000000000800318e        0x4 zephyr/kernel/libkernel.a(init.c.obj)
                0x000000000800318e                z_early_memset
 .text.z_early_memcpy
                0x0000000008003192        0x4 zephyr/kernel/libkernel.a(init.c.obj)
                0x0000000008003192                z_early_memcpy
 .text.idle     0x0000000008003196       0x18 zephyr/kernel/libkernel.a(idle.c.obj)
                0x0000000008003196                idle
 .text.sys_dlist_remove
                0x00000000080031ae       0x10 zephyr/kernel/libkernel.a(sched.c.obj)
 .text.unpend_thread_no_timeout
                0x00000000080031be       0x14 zephyr/kernel/libkernel.a(sched.c.obj)
 .text.z_reschedule_irqlock
                0x00000000080031d2       0x18 zephyr/kernel/libkernel.a(sched.c.obj)
                0x00000000080031d2                z_reschedule_irqlock
 .text.z_reschedule_unlocked
                0x00000000080031ea       0x14 zephyr/kernel/libkernel.a(sched.c.obj)
 .text.z_priq_dumb_best
                0x00000000080031fe        0xc zephyr/kernel/libkernel.a(sched.c.obj)
                0x00000000080031fe                z_priq_dumb_best
 .text.z_ready_thread
                0x000000000800320a       0x20 zephyr/kernel/libkernel.a(sched.c.obj)
                0x000000000800320a                z_ready_thread
 .text.z_thread_timeout
                0x000000000800322a       0x44 zephyr/kernel/libkernel.a(sched.c.obj)
                0x000000000800322a                z_thread_timeout
 .text.z_abort_timeout
                0x000000000800326e       0x2c zephyr/kernel/libkernel.a(timeout.c.obj)
                0x000000000800326e                z_abort_timeout
 .text.z_set_timeout_expiry
                0x000000000800329a       0x34 zephyr/kernel/libkernel.a(timeout.c.obj)
                0x000000000800329a                z_set_timeout_expiry
 .text.sys_clock_tick_get_32
                0x00000000080032ce        0x8 zephyr/kernel/libkernel.a(timeout.c.obj)
                0x00000000080032ce                sys_clock_tick_get_32
 *(SORT_BY_ALIGNMENT(.TEXT.*))
 *(SORT_BY_ALIGNMENT(.gnu.linkonce.t.*))
 *(SORT_BY_ALIGNMENT(.glue_7t))
 .glue_7t       0x00000000080032d6        0x0 linker stubs
 *(SORT_BY_ALIGNMENT(.glue_7))
 .glue_7        0x00000000080032d6        0x0 linker stubs
 *(SORT_BY_ALIGNMENT(.vfp11_veneer))
 .vfp11_veneer  0x00000000080032d6        0x0 linker stubs
 *(SORT_BY_ALIGNMENT(.v4_bx))
 .v4_bx         0x00000000080032d6        0x0 linker stubs
                0x00000000080032d6                __text_region_end = .

.ARM.exidx      0x00000000080032d8        0x8
                0x00000000080032d8                __exidx_start = .
 *(SORT_BY_ALIGNMENT(.ARM.exidx*) SORT_BY_ALIGNMENT(gnu.linkonce.armexidx.*))
 .ARM.exidx     0x00000000080032d8        0x8 /home/jonathan/zephyr-sdk-0.13.2/arm-zephyr-eabi/bin/../lib/gcc/arm-zephyr-eabi/10.3.0/thumb/v7e-m/nofp/libgcc.a(_udivmoddi4.o)
                0x00000000080032e0                __exidx_end = .
                0x00000000080032e0                __rodata_region_start = .

initlevel       0x00000000080032e0       0x98
                0x00000000080032e0                __init_start = .
                0x00000000080032e0                __init_PRE_KERNEL_1_start = .
 *(SORT_BY_NAME(SORT_BY_ALIGNMENT(.z_init_PRE_KERNEL_1[0-9]_*)))
 .z_init_PRE_KERNEL_10_
                0x00000000080032e0        0x8 zephyr/libzephyr.a(soc.c.obj)
 .z_init_PRE_KERNEL_11_
                0x00000000080032e8        0x8 zephyr/libzephyr.a(soc_config.c.obj)
 .z_init_PRE_KERNEL_11_
                0x00000000080032f0        0x8 zephyr/drivers/clock_control/libdrivers__clock_control.a(clock_stm32_ll_common.c.obj)
 *(SORT_BY_NAME(SORT_BY_ALIGNMENT(.z_init_PRE_KERNEL_1[1-9][0-9]_*)))
 .z_init_PRE_KERNEL_140_
                0x00000000080032f8        0x8 zephyr/drivers/interrupt_controller/libdrivers__interrupt_controller.a(intc_exti_stm32.c.obj)
 .z_init_PRE_KERNEL_140_
                0x0000000008003300       0x58 zephyr/drivers/gpio/libdrivers__gpio.a(gpio_stm32.c.obj)
 .z_init_PRE_KERNEL_155_
                0x0000000008003358       0x10 zephyr/drivers/serial/libdrivers__serial.a(uart_stm32.c.obj)
 .z_init_PRE_KERNEL_160_
                0x0000000008003368        0x8 zephyr/drivers/console/libdrivers__console.a(uart_console.c.obj)
                0x0000000008003370                __init_PRE_KERNEL_2_start = .
 *(SORT_BY_NAME(SORT_BY_ALIGNMENT(.z_init_PRE_KERNEL_2[0-9]_*)))
 .z_init_PRE_KERNEL_20_
                0x0000000008003370        0x8 zephyr/drivers/timer/libdrivers__timer.a(cortex_m_systick.c.obj)
 *(SORT_BY_NAME(SORT_BY_ALIGNMENT(.z_init_PRE_KERNEL_2[1-9][0-9]_*)))
                0x0000000008003378                __init_POST_KERNEL_start = .
 *(SORT_BY_NAME(SORT_BY_ALIGNMENT(.z_init_POST_KERNEL[0-9]_*)))
 *(SORT_BY_NAME(SORT_BY_ALIGNMENT(.z_init_POST_KERNEL[1-9][0-9]_*)))
                0x0000000008003378                __init_APPLICATION_start = .
 *(SORT_BY_NAME(SORT_BY_ALIGNMENT(.z_init_APPLICATION[0-9]_*)))
 *(SORT_BY_NAME(SORT_BY_ALIGNMENT(.z_init_APPLICATION[1-9][0-9]_*)))
                0x0000000008003378                __init_SMP_start = .
 *(SORT_BY_NAME(SORT_BY_ALIGNMENT(.z_init_SMP[0-9]_*)))
 *(SORT_BY_NAME(SORT_BY_ALIGNMENT(.z_init_SMP[1-9][0-9]_*)))
                0x0000000008003378                __init_end = .

devices         0x0000000008003378      0x168
                0x0000000008003378                __device_start = .
                0x0000000008003378                __device_PRE_KERNEL_1_start = .
 *(SORT_BY_NAME(SORT_BY_ALIGNMENT(.z_device_PRE_KERNEL_1[0-9]_*)))
 .z_device_PRE_KERNEL_11_
                0x0000000008003378       0x18 zephyr/drivers/clock_control/libdrivers__clock_control.a(clock_stm32_ll_common.c.obj)
                0x0000000008003378                __device_dts_ord_18
 *(SORT_BY_NAME(SORT_BY_ALIGNMENT(.z_device_PRE_KERNEL_1[1-9][0-9]_*)))
 .z_device_PRE_KERNEL_140_
                0x0000000008003390       0x18 zephyr/drivers/interrupt_controller/libdrivers__interrupt_controller.a(intc_exti_stm32.c.obj)
                0x0000000008003390                __device_dts_ord_52
 .z_device_PRE_KERNEL_140_
                0x00000000080033a8      0x108 zephyr/drivers/gpio/libdrivers__gpio.a(gpio_stm32.c.obj)
                0x00000000080033a8                __device_dts_ord_260
                0x00000000080033c0                __device_dts_ord_259
                0x00000000080033d8                __device_dts_ord_258
                0x00000000080033f0                __device_dts_ord_257
                0x0000000008003408                __device_dts_ord_256
                0x0000000008003420                __device_dts_ord_255
                0x0000000008003438                __device_dts_ord_254
                0x0000000008003450                __device_dts_ord_77
                0x0000000008003468                __device_dts_ord_19
                0x0000000008003480                __device_dts_ord_22
                0x0000000008003498                __device_dts_ord_253
 .z_device_PRE_KERNEL_155_
                0x00000000080034b0       0x30 zephyr/drivers/serial/libdrivers__serial.a(uart_stm32.c.obj)
                0x00000000080034b0                __device_dts_ord_74
                0x00000000080034c8                __device_dts_ord_66
                0x00000000080034e0                __device_PRE_KERNEL_2_start = .
 *(SORT_BY_NAME(SORT_BY_ALIGNMENT(.z_device_PRE_KERNEL_2[0-9]_*)))
 *(SORT_BY_NAME(SORT_BY_ALIGNMENT(.z_device_PRE_KERNEL_2[1-9][0-9]_*)))
                0x00000000080034e0                __device_POST_KERNEL_start = .
 *(SORT_BY_NAME(SORT_BY_ALIGNMENT(.z_device_POST_KERNEL[0-9]_*)))
 *(SORT_BY_NAME(SORT_BY_ALIGNMENT(.z_device_POST_KERNEL[1-9][0-9]_*)))
                0x00000000080034e0                __device_APPLICATION_start = .
 *(SORT_BY_NAME(SORT_BY_ALIGNMENT(.z_device_APPLICATION[0-9]_*)))
 *(SORT_BY_NAME(SORT_BY_ALIGNMENT(.z_device_APPLICATION[1-9][0-9]_*)))
                0x00000000080034e0                __device_SMP_start = .
 *(SORT_BY_NAME(SORT_BY_ALIGNMENT(.z_device_SMP[0-9]_*)))
 *(SORT_BY_NAME(SORT_BY_ALIGNMENT(.z_device_SMP[1-9][0-9]_*)))
                0x00000000080034e0                __device_end = .

sw_isr_table    0x00000000080034e0      0x370
                0x00000000080034e0                . = ALIGN (0x0)
 *(SORT_BY_ALIGNMENT(.gnu.linkonce.sw_isr_table*))
 .gnu.linkonce.sw_isr_table
                0x00000000080034e0      0x370 zephyr/arch/common/libisr_tables.a(isr_tables.c.obj)
                0x00000000080034e0                _sw_isr_table

initlevel_error
                0x00000000080032e0        0x0
 *(SORT_BY_NAME(SORT_BY_ALIGNMENT(.z_init_[_A-Z0-9]*)))
                0x0000000000000001                ASSERT ((SIZEOF (initlevel_error) == 0x0), Undefined initialization levels used.)

app_shmem_regions
                0x0000000008003850        0x0
                0x0000000008003850                __app_shmem_regions_start = .
 *(SORT_BY_NAME(SORT_BY_ALIGNMENT(.app_regions.*)))
                0x0000000008003850                __app_shmem_regions_end = .

bt_l2cap_fixed_chan_area
                0x0000000008003850        0x0
                0x0000000008003850                _bt_l2cap_fixed_chan_list_start = .
 *(SORT_BY_NAME(SORT_BY_ALIGNMENT(._bt_l2cap_fixed_chan.static.*)))
                0x0000000008003850                _bt_l2cap_fixed_chan_list_end = .

bt_gatt_service_static_area
                0x0000000008003850        0x0
                0x0000000008003850                _bt_gatt_service_static_list_start = .
 *(SORT_BY_NAME(SORT_BY_ALIGNMENT(._bt_gatt_service_static.static.*)))
                0x0000000008003850                _bt_gatt_service_static_list_end = .

k_p4wq_initparam_area
                0x0000000008003850        0x0
                0x0000000008003850                _k_p4wq_initparam_list_start = .
 *(SORT_BY_NAME(SORT_BY_ALIGNMENT(._k_p4wq_initparam.static.*)))
                0x0000000008003850                _k_p4wq_initparam_list_end = .

log_strings_sections
                0x0000000008003850        0x0
                0x0000000008003850                __log_strings_start = .
 *(SORT_BY_NAME(SORT_BY_ALIGNMENT(.log_strings*)))
                0x0000000008003850                __log_strings_end = .

log_const_sections
                0x0000000008003850        0x0
                0x0000000008003850                __log_const_start = .
 *(SORT_BY_NAME(SORT_BY_ALIGNMENT(.log_const_*)))
                0x0000000008003850                __log_const_end = .

log_backends_sections
                0x0000000008003850        0x0
                0x0000000008003850                __log_backends_start = .
 *(SORT_BY_ALIGNMENT(._log_backend.*))
                0x0000000008003850                __log_backends_end = .

shell_area      0x0000000008003850        0x0
                0x0000000008003850                _shell_list_start = .
 *(SORT_BY_NAME(SORT_BY_ALIGNMENT(._shell.static.*)))
                0x0000000008003850                _shell_list_end = .

shell_root_cmds_sections
                0x0000000008003850        0x0
                0x0000000008003850                __shell_root_cmds_start = .
 *(SORT_BY_NAME(SORT_BY_ALIGNMENT(.shell_root_cmd_*)))
                0x0000000008003850                __shell_root_cmds_end = .

font_entry_sections
                0x0000000008003850        0x0
                0x0000000008003850                __font_entry_start = .
 *(SORT_BY_NAME(SORT_BY_ALIGNMENT(._cfb_font.*)))
                0x0000000008003850                __font_entry_end = .

tracing_backend_area
                0x0000000008003850        0x0
                0x0000000008003850                _tracing_backend_list_start = .
 *(SORT_BY_NAME(SORT_BY_ALIGNMENT(._tracing_backend.static.*)))
                0x0000000008003850                _tracing_backend_list_end = .

zephyr_dbg_info
 *(SORT_BY_ALIGNMENT(.dbg_thread_info))

device_handles  0x0000000008003850       0x8e
                0x0000000008003850                __device_handles_start = .
 *(SORT_BY_NAME(SORT_BY_ALIGNMENT(.__device_handles_pass2*)))
 .__device_handles_pass2
                0x0000000008003850       0x8e zephyr/CMakeFiles/zephyr_pre1.dir/dev_handles.c.obj
                0x0000000008003850                __devicehdl_DT_N_S_soc_S_serial_40004800
                0x0000000008003858                __devicehdl_DT_N_S_soc_S_serial_40011400
                0x0000000008003860                __devicehdl_DT_N_S_soc_S_pin_controller_40020000_S_gpio_40020000
                0x0000000008003868                __devicehdl_DT_N_S_soc_S_pin_controller_40020000_S_gpio_40020400
                0x0000000008003870                __devicehdl_DT_N_S_soc_S_pin_controller_40020000_S_gpio_40020800
                0x0000000008003878                __devicehdl_DT_N_S_soc_S_pin_controller_40020000_S_gpio_40020c00
                0x0000000008003880                __devicehdl_DT_N_S_soc_S_pin_controller_40020000_S_gpio_40021000
                0x0000000008003888                __devicehdl_DT_N_S_soc_S_pin_controller_40020000_S_gpio_40021400
                0x0000000008003890                __devicehdl_DT_N_S_soc_S_pin_controller_40020000_S_gpio_40021800
                0x0000000008003898                __devicehdl_DT_N_S_soc_S_pin_controller_40020000_S_gpio_40021c00
                0x00000000080038a0                __devicehdl_DT_N_S_soc_S_pin_controller_40020000_S_gpio_40022000
                0x00000000080038a8                __devicehdl_DT_N_S_soc_S_pin_controller_40020000_S_gpio_40022400
                0x00000000080038b0                __devicehdl_DT_N_S_soc_S_pin_controller_40020000_S_gpio_40022800
                0x00000000080038b8                __devicehdl_DT_N_S_soc_S_interrupt_controller_40013c00
                0x00000000080038be                __devicehdl_DT_N_S_soc_S_rcc_40023800
                0x00000000080038de                __device_handles_end = .

rodata          0x00000000080038e0      0x320
 *(SORT_BY_ALIGNMENT(.rodata))
 .rodata        0x00000000080038e0        0x8 zephyr/drivers/gpio/libdrivers__gpio.a(gpio_stm32.c.obj)
 *(SORT_BY_ALIGNMENT(.rodata.*))
 .rodata.led1   0x00000000080038e8        0x8 app/libapp.a(gpio_user.c.obj)
 .rodata.led2   0x00000000080038f0        0x8 app/libapp.a(gpio_user.c.obj)
 .rodata.static_regions
                0x00000000080038f8        0xc zephyr/arch/arch/arm/core/aarch32/mpu/libarch__arm__core__aarch32__mpu.a(arm_core_mpu.c.obj)
 .rodata.mpu_config
                0x0000000008003904        0x8 zephyr/soc/arm/common/cortex_m/libsoc__arm__common__cortex_m.a(arm_mpu_regions.c.obj)
                0x0000000008003904                mpu_config
 .rodata.mpu_regions
                0x000000000800390c       0x18 zephyr/soc/arm/common/cortex_m/libsoc__arm__common__cortex_m.a(arm_mpu_regions.c.obj)
 .rodata.gpio_stm32_cfg_a
                0x0000000008003924       0x14 zephyr/drivers/gpio/libdrivers__gpio.a(gpio_stm32.c.obj)
 .rodata.gpio_stm32_cfg_b
                0x0000000008003938       0x14 zephyr/drivers/gpio/libdrivers__gpio.a(gpio_stm32.c.obj)
 .rodata.gpio_stm32_cfg_c
                0x000000000800394c       0x14 zephyr/drivers/gpio/libdrivers__gpio.a(gpio_stm32.c.obj)
 .rodata.gpio_stm32_cfg_d
                0x0000000008003960       0x14 zephyr/drivers/gpio/libdrivers__gpio.a(gpio_stm32.c.obj)
 .rodata.gpio_stm32_cfg_e
                0x0000000008003974       0x14 zephyr/drivers/gpio/libdrivers__gpio.a(gpio_stm32.c.obj)
 .rodata.gpio_stm32_cfg_f
                0x0000000008003988       0x14 zephyr/drivers/gpio/libdrivers__gpio.a(gpio_stm32.c.obj)
 .rodata.gpio_stm32_cfg_g
                0x000000000800399c       0x14 zephyr/drivers/gpio/libdrivers__gpio.a(gpio_stm32.c.obj)
 .rodata.gpio_stm32_cfg_h
                0x00000000080039b0       0x14 zephyr/drivers/gpio/libdrivers__gpio.a(gpio_stm32.c.obj)
 .rodata.gpio_stm32_cfg_i
                0x00000000080039c4       0x14 zephyr/drivers/gpio/libdrivers__gpio.a(gpio_stm32.c.obj)
 .rodata.gpio_stm32_cfg_j
                0x00000000080039d8       0x14 zephyr/drivers/gpio/libdrivers__gpio.a(gpio_stm32.c.obj)
 .rodata.gpio_stm32_cfg_k
                0x00000000080039ec       0x14 zephyr/drivers/gpio/libdrivers__gpio.a(gpio_stm32.c.obj)
 .rodata.gpio_stm32_driver
                0x0000000008003a00       0x24 zephyr/drivers/gpio/libdrivers__gpio.a(gpio_stm32.c.obj)
 .rodata.__pinctrl_dev_config__device_dts_ord_66
                0x0000000008003a24        0x8 zephyr/drivers/serial/libdrivers__serial.a(uart_stm32.c.obj)
 .rodata.__pinctrl_dev_config__device_dts_ord_74
                0x0000000008003a2c        0x8 zephyr/drivers/serial/libdrivers__serial.a(uart_stm32.c.obj)
 .rodata.__pinctrl_state_pins_0__device_dts_ord_66
                0x0000000008003a34       0x10 zephyr/drivers/serial/libdrivers__serial.a(uart_stm32.c.obj)
 .rodata.__pinctrl_state_pins_0__device_dts_ord_74
                0x0000000008003a44       0x10 zephyr/drivers/serial/libdrivers__serial.a(uart_stm32.c.obj)
 .rodata.__pinctrl_states__device_dts_ord_66
                0x0000000008003a54        0x8 zephyr/drivers/serial/libdrivers__serial.a(uart_stm32.c.obj)
 .rodata.__pinctrl_states__device_dts_ord_74
                0x0000000008003a5c        0x8 zephyr/drivers/serial/libdrivers__serial.a(uart_stm32.c.obj)
 .rodata.uart_stm32_cfg_0
                0x0000000008003a64       0x1c zephyr/drivers/serial/libdrivers__serial.a(uart_stm32.c.obj)
 .rodata.uart_stm32_cfg_1
                0x0000000008003a80       0x1c zephyr/drivers/serial/libdrivers__serial.a(uart_stm32.c.obj)
 .rodata.uart_stm32_driver_api
                0x0000000008003a9c       0x14 zephyr/drivers/serial/libdrivers__serial.a(uart_stm32.c.obj)
 .rodata.gpio_ports
                0x0000000008003ab0       0x2c zephyr/drivers/pinctrl/libdrivers__pinctrl.a(pinctrl_stm32.c.obj)
 .rodata.levels.0
                0x0000000008003adc       0x14 zephyr/kernel/libkernel.a(device.c.obj)
 .rodata._k_neg_eagain
                0x0000000008003af0        0x4 zephyr/kernel/libkernel.a(errno.c.obj)
                0x0000000008003af0                _k_neg_eagain
 .rodata.CSWTCH.249
                0x0000000008003af4        0x6 zephyr/drivers/serial/libdrivers__serial.a(uart_stm32.c.obj)
 .rodata.cbvprintf.str1.1
                0x0000000008003afa        0x6 zephyr/libzephyr.a(cbprintf_complete.c.obj)
 .rodata.str1.1
                0x0000000008003b00        0xf zephyr/soc/arm/common/cortex_m/libsoc__arm__common__cortex_m.a(arm_mpu_regions.c.obj)
 .rodata.str1.1
                0x0000000008003b0f       0x1e zephyr/drivers/interrupt_controller/libdrivers__interrupt_controller.a(intc_exti_stm32.c.obj)
 .rodata.exti_irq_table
                0x0000000008003b2d       0x18 zephyr/drivers/interrupt_controller/libdrivers__interrupt_controller.a(intc_exti_stm32.c.obj)
                0x0000000008003b2d                exti_irq_table
 .rodata.str1.1
                0x0000000008003b45        0xd zephyr/drivers/clock_control/libdrivers__clock_control.a(clock_stm32_ll_common.c.obj)
 .rodata.str1.1
                0x0000000008003b52       0x42 zephyr/drivers/gpio/libdrivers__gpio.a(gpio_stm32.c.obj)
 .rodata.str1.1
                0x0000000008003b94        0xe zephyr/drivers/serial/libdrivers__serial.a(uart_stm32.c.obj)
 .rodata.AHBPrescTable
                0x0000000008003ba2       0x10 modules/stm32/stm32cube/lib..__modules__hal__stm32__stm32cube.a(system_stm32f7xx.c.obj)
                0x0000000008003ba2                AHBPrescTable
 .rodata.z_cstart.str1.1
                0x0000000008003bb2        0x5 zephyr/kernel/libkernel.a(init.c.obj)
 .rodata.boot_banner.str1.1
                0x0000000008003bb7       0x48 zephyr/kernel/libkernel.a(banner.c.obj)
                                         0x49 (size before relaxing)
 *(SORT_BY_ALIGNMENT(.gnu.linkonce.r.*))
                0x0000000008003c00                . = ALIGN (0x4)
 *fill*         0x0000000008003bff        0x1 
                0x0000000008003c00                __rodata_region_end = .
                0x0000000008003c00                . = ALIGN (_region_min_align)
                0x0000000008004000                . = ALIGN ((0x1 << ((__rodata_region_end - __rom_region_start) <= 0x4)?0x2:((__rodata_region_end - __rom_region_start) <= 0x8)?0x3:((__rodata_region_end - __rom_region_start) <= 0x10)?0x4:((__rodata_region_end - __rom_region_start) <= 0x20)?0x5:((__rodata_region_end - __rom_region_start) <= 0x40)?0x6:((__rodata_region_end - __rom_region_start) <= 0x80)?0x7:((__rodata_region_end - __rom_region_start) <= 0x100)?0x8:((__rodata_region_end - __rom_region_start) <= 0x200)?0x9:((__rodata_region_end - __rom_region_start) <= 0x400)?0xa:((__rodata_region_end - __rom_region_start) <= 0x800)?0xb:((__rodata_region_end - __rom_region_start) <= 0x1000)?0xc:((__rodata_region_end - __rom_region_start) <= 0x2000)?0xd:((__rodata_region_end - __rom_region_start) <= 0x4000)?0xe:((__rodata_region_end - __rom_region_start) <= 0x8000)?0xf:((__rodata_region_end - __rom_region_start) <= 0x10000)?0x10:((__rodata_region_end - __rom_region_start) <= 0x20000)?0x11:((__rodata_region_end - __rom_region_start) <= 0x40000)?0x12:((__rodata_region_end - __rom_region_start) <= 0x80000)?0x13:((__rodata_region_end - __rom_region_start) <= 0x100000)?0x14:((__rodata_region_end - __rom_region_start) <= 0x200000)?0x15:((__rodata_region_end - __rom_region_start) <= 0x400000)?0x16:((__rodata_region_end - __rom_region_start) <= 0x800000)?0x17:((__rodata_region_end - __rom_region_start) <= 0x1000000)?0x18:((__rodata_region_end - __rom_region_start) <= 0x2000000)?0x19:((__rodata_region_end - __rom_region_start) <= 0x4000000)?0x1a:((__rodata_region_end - __rom_region_start) <= 0x8000000)?0x1b:((__rodata_region_end - __rom_region_start) <= 0x10000000)?0x1c:((__rodata_region_end - __rom_region_start) <= 0x20000000)?0x1d:((__rodata_region_end - __rom_region_start) <= 0x40000000)?0x1e:((__rodata_region_end - __rom_region_start) <= 0x80000000)?0x1f:0x20))
                0x0000000008004000                __rom_region_end = .
                0x0000000020020000                . = 0x20020000
                0x0000000020020000                . = ALIGN (_region_min_align)
                0x0000000020020000                _image_ram_start = .

.ramfunc        0x0000000020020000        0x0 load address 0x0000000008003c00
                0x0000000020020000                . = ALIGN (_region_min_align)
                0x0000000020020000                . = ALIGN ((0x1 << (__ramfunc_size <= 0x4)?0x2:(__ramfunc_size <= 0x8)?0x3:(__ramfunc_size <= 0x10)?0x4:(__ramfunc_size <= 0x20)?0x5:(__ramfunc_size <= 0x40)?0x6:(__ramfunc_size <= 0x80)?0x7:(__ramfunc_size <= 0x100)?0x8:(__ramfunc_size <= 0x200)?0x9:(__ramfunc_size <= 0x400)?0xa:(__ramfunc_size <= 0x800)?0xb:(__ramfunc_size <= 0x1000)?0xc:(__ramfunc_size <= 0x2000)?0xd:(__ramfunc_size <= 0x4000)?0xe:(__ramfunc_size <= 0x8000)?0xf:(__ramfunc_size <= 0x10000)?0x10:(__ramfunc_size <= 0x20000)?0x11:(__ramfunc_size <= 0x40000)?0x12:(__ramfunc_size <= 0x80000)?0x13:(__ramfunc_size <= 0x100000)?0x14:(__ramfunc_size <= 0x200000)?0x15:(__ramfunc_size <= 0x400000)?0x16:(__ramfunc_size <= 0x800000)?0x17:(__ramfunc_size <= 0x1000000)?0x18:(__ramfunc_size <= 0x2000000)?0x19:(__ramfunc_size <= 0x4000000)?0x1a:(__ramfunc_size <= 0x8000000)?0x1b:(__ramfunc_size <= 0x10000000)?0x1c:(__ramfunc_size <= 0x20000000)?0x1d:(__ramfunc_size <= 0x40000000)?0x1e:(__ramfunc_size <= 0x80000000)?0x1f:0x20))
                0x0000000020020000                __ramfunc_start = .
 *(SORT_BY_ALIGNMENT(.ramfunc))
 *(SORT_BY_ALIGNMENT(.ramfunc.*))
                0x0000000020020000                . = ALIGN (_region_min_align)
                0x0000000020020000                . = ALIGN ((0x1 << (__ramfunc_size <= 0x4)?0x2:(__ramfunc_size <= 0x8)?0x3:(__ramfunc_size <= 0x10)?0x4:(__ramfunc_size <= 0x20)?0x5:(__ramfunc_size <= 0x40)?0x6:(__ramfunc_size <= 0x80)?0x7:(__ramfunc_size <= 0x100)?0x8:(__ramfunc_size <= 0x200)?0x9:(__ramfunc_size <= 0x400)?0xa:(__ramfunc_size <= 0x800)?0xb:(__ramfunc_size <= 0x1000)?0xc:(__ramfunc_size <= 0x2000)?0xd:(__ramfunc_size <= 0x4000)?0xe:(__ramfunc_size <= 0x8000)?0xf:(__ramfunc_size <= 0x10000)?0x10:(__ramfunc_size <= 0x20000)?0x11:(__ramfunc_size <= 0x40000)?0x12:(__ramfunc_size <= 0x80000)?0x13:(__ramfunc_size <= 0x100000)?0x14:(__ramfunc_size <= 0x200000)?0x15:(__ramfunc_size <= 0x400000)?0x16:(__ramfunc_size <= 0x800000)?0x17:(__ramfunc_size <= 0x1000000)?0x18:(__ramfunc_size <= 0x2000000)?0x19:(__ramfunc_size <= 0x4000000)?0x1a:(__ramfunc_size <= 0x8000000)?0x1b:(__ramfunc_size <= 0x10000000)?0x1c:(__ramfunc_size <= 0x20000000)?0x1d:(__ramfunc_size <= 0x40000000)?0x1e:(__ramfunc_size <= 0x80000000)?0x1f:0x20))
                0x0000000020020000                __ramfunc_end = .
                0x0000000000000000                __ramfunc_size = (__ramfunc_end - __ramfunc_start)
                0x0000000008003c00                __ramfunc_load_start = LOADADDR (.ramfunc)

datas           0x0000000020020000       0x3c load address 0x0000000008003c00
                0x0000000020020000                __data_region_start = .
                0x0000000020020000                __data_start = .
 *(SORT_BY_ALIGNMENT(.data))
 *(SORT_BY_ALIGNMENT(.data.*))
 .data._char_out
                0x0000000020020000        0x4 zephyr/libzephyr.a(printk.c.obj)
                0x0000000020020000                _char_out
 .data._stdout_hook
                0x0000000020020004        0x4 zephyr/lib/libc/minimal/liblib__libc__minimal.a(stdout_console.c.obj)
 .data.stm32_clock_control_api
                0x0000000020020008       0x18 zephyr/drivers/clock_control/libdrivers__clock_control.a(clock_stm32_ll_common.c.obj)
 .data.uart_stm32_data_0
                0x0000000020020020        0x8 zephyr/drivers/serial/libdrivers__serial.a(uart_stm32.c.obj)
 .data.uart_stm32_data_1
                0x0000000020020028        0x8 zephyr/drivers/serial/libdrivers__serial.a(uart_stm32.c.obj)
 .data.SystemCoreClock
                0x0000000020020030        0x4 modules/stm32/stm32cube/lib..__modules__hal__stm32__stm32cube.a(system_stm32f7xx.c.obj)
                0x0000000020020030                SystemCoreClock
 .data.timeout_list
                0x0000000020020034        0x8 zephyr/kernel/libkernel.a(timeout.c.obj)
 *(SORT_BY_ALIGNMENT(.kernel.*))
                0x000000002002003c                __data_end = .
                0x000000000000003c                __data_size = (__data_end - __data_start)
                0x0000000008003c00                __data_load_start = LOADADDR (datas)
                0x0000000008003c00                __data_region_load_start = LOADADDR (datas)

device_states   0x000000002002003c       0x3c load address 0x0000000008003c3c
                0x000000002002003c                __device_states_start = .
 *(SORT_BY_ALIGNMENT(.z_devstate))
 .z_devstate    0x000000002002003c        0x4 zephyr/drivers/interrupt_controller/libdrivers__interrupt_controller.a(intc_exti_stm32.c.obj)
 .z_devstate    0x0000000020020040        0x4 zephyr/drivers/clock_control/libdrivers__clock_control.a(clock_stm32_ll_common.c.obj)
 .z_devstate    0x0000000020020044       0x2c zephyr/drivers/gpio/libdrivers__gpio.a(gpio_stm32.c.obj)
 .z_devstate    0x0000000020020070        0x8 zephyr/drivers/serial/libdrivers__serial.a(uart_stm32.c.obj)
 *(SORT_BY_ALIGNMENT(.z_devstate.*))
                0x0000000020020078                __device_states_end = .

initshell       0x0000000020020078        0x0 load address 0x0000000008003c78
                0x0000000020020078                __shell_module_start = .
 *(SORT_BY_ALIGNMENT(.shell_module_*))
                0x0000000020020078                __shell_module_end = .
                0x0000000020020078                __shell_cmd_start = .
 *(SORT_BY_ALIGNMENT(.shell_cmd_*))
                0x0000000020020078                __shell_cmd_end = .

log_dynamic_sections
                0x0000000020020078        0x0 load address 0x0000000008003c78
                0x0000000020020078                __log_dynamic_start = .
 *(SORT_BY_NAME(SORT_BY_ALIGNMENT(.log_dynamic_*)))
                0x0000000020020078                __log_dynamic_end = .

_static_thread_data_area
                0x0000000020020078        0x0 load address 0x0000000008003c78
                0x0000000020020078                __static_thread_data_list_start = .
 *(SORT_BY_NAME(SORT_BY_ALIGNMENT(.__static_thread_data.static.*)))
                0x0000000020020078                __static_thread_data_list_end = .

k_timer_area    0x0000000020020078        0x0 load address 0x0000000008003c78
                0x0000000020020078                _k_timer_list_start = .
 *(SORT_BY_NAME(SORT_BY_ALIGNMENT(._k_timer.static.*)))
                0x0000000020020078                _k_timer_list_end = .

k_mem_slab_area
                0x0000000020020078        0x0 load address 0x0000000008003c78
                0x0000000020020078                _k_mem_slab_list_start = .
 *(SORT_BY_NAME(SORT_BY_ALIGNMENT(._k_mem_slab.static.*)))
                0x0000000020020078                _k_mem_slab_list_end = .

k_mem_pool_area
                0x0000000020020078        0x0 load address 0x0000000008003c78
                0x0000000020020078                _k_mem_pool_list_start = .
 *(SORT_BY_NAME(SORT_BY_ALIGNMENT(._k_mem_pool.static.*)))
                0x0000000020020078                _k_mem_pool_list_end = .

k_heap_area     0x0000000020020078        0x0 load address 0x0000000008003c78
                0x0000000020020078                _k_heap_list_start = .
 *(SORT_BY_NAME(SORT_BY_ALIGNMENT(._k_heap.static.*)))
                0x0000000020020078                _k_heap_list_end = .

k_mutex_area    0x0000000020020078        0x0 load address 0x0000000008003c78
                0x0000000020020078                _k_mutex_list_start = .
 *(SORT_BY_NAME(SORT_BY_ALIGNMENT(._k_mutex.static.*)))
                0x0000000020020078                _k_mutex_list_end = .

k_stack_area    0x0000000020020078        0x0 load address 0x0000000008003c78
                0x0000000020020078                _k_stack_list_start = .
 *(SORT_BY_NAME(SORT_BY_ALIGNMENT(._k_stack.static.*)))
                0x0000000020020078                _k_stack_list_end = .

k_msgq_area     0x0000000020020078        0x0 load address 0x0000000008003c78
                0x0000000020020078                _k_msgq_list_start = .
 *(SORT_BY_NAME(SORT_BY_ALIGNMENT(._k_msgq.static.*)))
                0x0000000020020078                _k_msgq_list_end = .

k_mbox_area     0x0000000020020078        0x0 load address 0x0000000008003c78
                0x0000000020020078                _k_mbox_list_start = .
 *(SORT_BY_NAME(SORT_BY_ALIGNMENT(._k_mbox.static.*)))
                0x0000000020020078                _k_mbox_list_end = .

k_pipe_area     0x0000000020020078        0x0 load address 0x0000000008003c78
                0x0000000020020078                _k_pipe_list_start = .
 *(SORT_BY_NAME(SORT_BY_ALIGNMENT(._k_pipe.static.*)))
                0x0000000020020078                _k_pipe_list_end = .

k_sem_area      0x0000000020020078        0x0 load address 0x0000000008003c78
                0x0000000020020078                _k_sem_list_start = .
 *(SORT_BY_NAME(SORT_BY_ALIGNMENT(._k_sem.static.*)))
                0x0000000020020078                _k_sem_list_end = .

k_event_area    0x0000000020020078        0x0 load address 0x0000000008003c78
                0x0000000020020078                _k_event_list_start = .
 *(SORT_BY_NAME(SORT_BY_ALIGNMENT(._k_event.static.*)))
                0x0000000020020078                _k_event_list_end = .

k_queue_area    0x0000000020020078        0x0 load address 0x0000000008003c78
                0x0000000020020078                _k_queue_list_start = .
 *(SORT_BY_NAME(SORT_BY_ALIGNMENT(._k_queue.static.*)))
                0x0000000020020078                _k_queue_list_end = .

k_condvar_area  0x0000000020020078        0x0 load address 0x0000000008003c78
                0x0000000020020078                _k_condvar_list_start = .
 *(SORT_BY_NAME(SORT_BY_ALIGNMENT(._k_condvar.static.*)))
                0x0000000020020078                _k_condvar_list_end = .

_net_buf_pool_area
                0x0000000020020078        0x0 load address 0x0000000008003c78
                0x0000000020020078                _net_buf_pool_list = .
 *(SORT_BY_NAME(SORT_BY_ALIGNMENT(._net_buf_pool.static.*)))
                0x0000000020020078                __data_region_end = .

bss             0x0000000020020078      0x2ce
                0x0000000020020078                . = ALIGN (0x4)
                0x0000000020020078                __bss_start = .
                0x0000000020020078                __kernel_ram_start = .
 *(SORT_BY_ALIGNMENT(.bss))
 *(SORT_BY_ALIGNMENT(.bss.*))
 .bss.z_idle_threads
                0x0000000020020078       0x80 zephyr/kernel/libkernel.a(init.c.obj)
                0x0000000020020078                z_idle_threads
 .bss.z_main_thread
                0x00000000200200f8       0x80 zephyr/kernel/libkernel.a(init.c.obj)
                0x00000000200200f8                z_main_thread
 .bss.curr_tick
                0x0000000020020178        0x8 zephyr/kernel/libkernel.a(timeout.c.obj)
 .bss.dynamic_regions.0
                0x0000000020020180        0xc zephyr/arch/arch/arm/core/aarch32/mpu/libarch__arm__core__aarch32__mpu.a(arm_core_mpu.c.obj)
 .bss.exti_data
                0x000000002002018c       0xc0 zephyr/drivers/interrupt_controller/libdrivers__interrupt_controller.a(intc_exti_stm32.c.obj)
 .bss.uart_console_dev
                0x000000002002024c        0x4 zephyr/drivers/console/libdrivers__console.a(uart_console.c.obj)
 .bss.gpio_stm32_data_a
                0x0000000020020250       0x10 zephyr/drivers/gpio/libdrivers__gpio.a(gpio_stm32.c.obj)
 .bss.gpio_stm32_data_b
                0x0000000020020260       0x10 zephyr/drivers/gpio/libdrivers__gpio.a(gpio_stm32.c.obj)
 .bss.gpio_stm32_data_c
                0x0000000020020270       0x10 zephyr/drivers/gpio/libdrivers__gpio.a(gpio_stm32.c.obj)
 .bss.gpio_stm32_data_d
                0x0000000020020280       0x10 zephyr/drivers/gpio/libdrivers__gpio.a(gpio_stm32.c.obj)
 .bss.gpio_stm32_data_e
                0x0000000020020290       0x10 zephyr/drivers/gpio/libdrivers__gpio.a(gpio_stm32.c.obj)
 .bss.gpio_stm32_data_f
                0x00000000200202a0       0x10 zephyr/drivers/gpio/libdrivers__gpio.a(gpio_stm32.c.obj)
 .bss.gpio_stm32_data_g
                0x00000000200202b0       0x10 zephyr/drivers/gpio/libdrivers__gpio.a(gpio_stm32.c.obj)
 .bss.gpio_stm32_data_h
                0x00000000200202c0       0x10 zephyr/drivers/gpio/libdrivers__gpio.a(gpio_stm32.c.obj)
 .bss.gpio_stm32_data_i
                0x00000000200202d0       0x10 zephyr/drivers/gpio/libdrivers__gpio.a(gpio_stm32.c.obj)
 .bss.gpio_stm32_data_j
                0x00000000200202e0       0x10 zephyr/drivers/gpio/libdrivers__gpio.a(gpio_stm32.c.obj)
 .bss.gpio_stm32_data_k
                0x00000000200202f0       0x10 zephyr/drivers/gpio/libdrivers__gpio.a(gpio_stm32.c.obj)
 .bss.announced_cycles
                0x0000000020020300        0x4 zephyr/drivers/timer/libdrivers__timer.a(cortex_m_systick.c.obj)
 .bss.cycle_count
                0x0000000020020304        0x4 zephyr/drivers/timer/libdrivers__timer.a(cortex_m_systick.c.obj)
 .bss.last_load
                0x0000000020020308        0x4 zephyr/drivers/timer/libdrivers__timer.a(cortex_m_systick.c.obj)
 .bss.overflow_cyc
                0x000000002002030c        0x4 zephyr/drivers/timer/libdrivers__timer.a(cortex_m_systick.c.obj)
 .bss._kernel   0x0000000020020310       0x24 zephyr/kernel/libkernel.a(init.c.obj)
                0x0000000020020310                _kernel
 .bss.pending_current
                0x0000000020020334        0x4 zephyr/kernel/libkernel.a(sched.c.obj)
 .bss.slice_max_prio
                0x0000000020020338        0x4 zephyr/kernel/libkernel.a(sched.c.obj)
 .bss.slice_ticks
                0x000000002002033c        0x4 zephyr/kernel/libkernel.a(sched.c.obj)
 .bss.announce_remaining
                0x0000000020020340        0x4 zephyr/kernel/libkernel.a(timeout.c.obj)
 .bss.static_regions_num
                0x0000000020020344        0x1 zephyr/arch/arch/arm/core/aarch32/mpu/libarch__arm__core__aarch32__mpu.a(arm_mpu.c.obj)
 .bss.z_sys_post_kernel
                0x0000000020020345        0x1 zephyr/kernel/libkernel.a(init.c.obj)
                0x0000000020020345                z_sys_post_kernel
 .bss.sched_spinlock
                0x0000000020020346        0x0 zephyr/kernel/libkernel.a(sched.c.obj)
                0x0000000020020346                sched_spinlock
 *(SORT_BY_ALIGNMENT(COMMON))
 *(SORT_BY_ALIGNMENT(.kernel_bss.*))
                0x0000000020020348                __bss_end = ALIGN (0x4)

noinit          0x0000000020020360      0xda0
 *(SORT_BY_ALIGNMENT(.noinit))
 *(SORT_BY_ALIGNMENT(.noinit.*))
 .noinit."WEST_TOPDIR/zephyr/kernel/init.c".0
                0x0000000020020360      0x420 zephyr/kernel/libkernel.a(init.c.obj)
                0x0000000020020360                z_main_stack
 .noinit."WEST_TOPDIR/zephyr/kernel/init.c".1
                0x0000000020020780      0x160 zephyr/kernel/libkernel.a(init.c.obj)
 .noinit."WEST_TOPDIR/zephyr/kernel/init.c".2
                0x00000000200208e0      0x820 zephyr/kernel/libkernel.a(init.c.obj)
                0x00000000200208e0                z_interrupt_stacks
 *(SORT_BY_ALIGNMENT(.kernel_noinit.*))
                0x0000000020021100                _image_ram_end = .
                0x0000000020021100                _end = .
                0x0000000020080000                __kernel_ram_end = 0x20080000
                0x000000000005ff88                __kernel_ram_size = (__kernel_ram_end - __kernel_ram_start)

.dtcm_bss       0x0000000020000000        0x0
                0x0000000020000000                __dtcm_start = .
                0x0000000020000000                __dtcm_bss_start = .
 *(SORT_BY_ALIGNMENT(.dtcm_bss))
 *(SORT_BY_ALIGNMENT(.dtcm_bss.*))
                0x0000000020000000                __dtcm_bss_end = .

.dtcm_noinit    0x0000000020000000        0x0
                0x0000000020000000                __dtcm_noinit_start = .
 *(SORT_BY_ALIGNMENT(.dtcm_noinit))
 *(SORT_BY_ALIGNMENT(.dtcm_noinit.*))
                0x0000000020000000                __dtcm_noinit_end = .

.dtcm_data      0x0000000020000000        0x0 load address 0x0000000008003c78
                0x0000000020000000                __dtcm_data_start = .
 *(SORT_BY_ALIGNMENT(.dtcm_data))
 *(SORT_BY_ALIGNMENT(.dtcm_data.*))
                0x0000000020000000                __dtcm_data_end = .
                0x0000000020000000                __dtcm_end = .
                0x0000000008003c78                __dtcm_data_load_start = LOADADDR (.dtcm_data)

.intList        0x00000000fffff800       0xc8
 *(SORT_BY_ALIGNMENT(.irq_info*))
 .irq_info      0x00000000fffff800        0x8 zephyr/arch/common/libisr_tables.a(isr_tables.c.obj)
                0x00000000fffff800                _iheader
 *(SORT_BY_ALIGNMENT(.intList*))
 .intList       0x00000000fffff808       0xc0 zephyr/drivers/interrupt_controller/libdrivers__interrupt_controller.a(intc_exti_stm32.c.obj)

.stab
 *(SORT_BY_ALIGNMENT(.stab))

.stabstr
 *(SORT_BY_ALIGNMENT(.stabstr))

.stab.excl
 *(SORT_BY_ALIGNMENT(.stab.excl))

.stab.exclstr
 *(SORT_BY_ALIGNMENT(.stab.exclstr))

.stab.index
 *(SORT_BY_ALIGNMENT(.stab.index))

.stab.indexstr
 *(SORT_BY_ALIGNMENT(.stab.indexstr))

.gnu.build.attributes
 *(SORT_BY_ALIGNMENT(.gnu.build.attributes) SORT_BY_ALIGNMENT(.gnu.build.attributes.*))

.comment        0x0000000000000000       0x2e
 *(SORT_BY_ALIGNMENT(.comment))
 .comment       0x0000000000000000       0x2e zephyr/CMakeFiles/zephyr_pre1.dir/dev_handles.c.obj
                                         0x2f (size before relaxing)
 .comment       0x000000000000002e       0x2f zephyr/CMakeFiles/offsets.dir/./arch/arm/core/offsets/offsets.c.obj
 .comment       0x000000000000002e       0x2f app/libapp.a(gpio_user.c.obj)
 .comment       0x000000000000002e       0x2f app/libapp.a(main.c.obj)
 .comment       0x000000000000002e       0x2f zephyr/libzephyr.a(printk.c.obj)
 .comment       0x000000000000002e       0x2f zephyr/libzephyr.a(thread_entry.c.obj)
 .comment       0x000000000000002e       0x2f zephyr/libzephyr.a(cbprintf_complete.c.obj)
 .comment       0x000000000000002e       0x2f zephyr/libzephyr.a(configs.c.obj)
 .comment       0x000000000000002e       0x2f zephyr/libzephyr.a(soc.c.obj)
 .comment       0x000000000000002e       0x2f zephyr/libzephyr.a(soc_config.c.obj)
 .comment       0x000000000000002e       0x2f zephyr/arch/arch/arm/core/aarch32/libarch__arm__core__aarch32.a(fatal.c.obj)
 .comment       0x000000000000002e       0x2f zephyr/arch/arch/arm/core/aarch32/libarch__arm__core__aarch32.a(irq_manage.c.obj)
 .comment       0x000000000000002e       0x2f zephyr/arch/arch/arm/core/aarch32/libarch__arm__core__aarch32.a(nmi.c.obj)
 .comment       0x000000000000002e       0x2f zephyr/arch/arch/arm/core/aarch32/libarch__arm__core__aarch32.a(prep_c.c.obj)
 .comment       0x000000000000002e       0x2f zephyr/arch/arch/arm/core/aarch32/libarch__arm__core__aarch32.a(swap.c.obj)
 .comment       0x000000000000002e       0x2f zephyr/arch/arch/arm/core/aarch32/libarch__arm__core__aarch32.a(thread.c.obj)
 .comment       0x000000000000002e       0x2f zephyr/arch/arch/arm/core/aarch32/cortex_m/libarch__arm__core__aarch32__cortex_m.a(fault.c.obj)
 .comment       0x000000000000002e       0x2f zephyr/arch/arch/arm/core/aarch32/cortex_m/libarch__arm__core__aarch32__cortex_m.a(irq_init.c.obj)
 .comment       0x000000000000002e       0x2f zephyr/arch/arch/arm/core/aarch32/cortex_m/libarch__arm__core__aarch32__cortex_m.a(thread_abort.c.obj)
 .comment       0x000000000000002e       0x2f zephyr/arch/arch/arm/core/aarch32/mpu/libarch__arm__core__aarch32__mpu.a(arm_core_mpu.c.obj)
 .comment       0x000000000000002e       0x2f zephyr/arch/arch/arm/core/aarch32/mpu/libarch__arm__core__aarch32__mpu.a(arm_mpu.c.obj)
 .comment       0x000000000000002e       0x2f zephyr/lib/libc/minimal/liblib__libc__minimal.a(string.c.obj)
 .comment       0x000000000000002e       0x2f zephyr/lib/libc/minimal/liblib__libc__minimal.a(stdout_console.c.obj)
 .comment       0x000000000000002e       0x2f zephyr/soc/arm/common/cortex_m/libsoc__arm__common__cortex_m.a(arm_mpu_regions.c.obj)
 .comment       0x000000000000002e       0x2f zephyr/drivers/interrupt_controller/libdrivers__interrupt_controller.a(intc_exti_stm32.c.obj)
 .comment       0x000000000000002e       0x2f zephyr/drivers/clock_control/libdrivers__clock_control.a(clock_stm32_ll_common.c.obj)
 .comment       0x000000000000002e       0x2f zephyr/drivers/clock_control/libdrivers__clock_control.a(clock_stm32f2_f4_f7.c.obj)
 .comment       0x000000000000002e       0x2f zephyr/drivers/console/libdrivers__console.a(uart_console.c.obj)
 .comment       0x000000000000002e       0x2f zephyr/drivers/gpio/libdrivers__gpio.a(gpio_stm32.c.obj)
 .comment       0x000000000000002e       0x2f zephyr/drivers/serial/libdrivers__serial.a(uart_stm32.c.obj)
 .comment       0x000000000000002e       0x2f zephyr/drivers/timer/libdrivers__timer.a(cortex_m_systick.c.obj)
 .comment       0x000000000000002e       0x2f zephyr/drivers/pinctrl/libdrivers__pinctrl.a(common.c.obj)
 .comment       0x000000000000002e       0x2f zephyr/drivers/pinctrl/libdrivers__pinctrl.a(pinctrl_stm32.c.obj)
 .comment       0x000000000000002e       0x2f modules/stm32/stm32cube/lib..__modules__hal__stm32__stm32cube.a(system_stm32f7xx.c.obj)
 .comment       0x000000000000002e       0x2f modules/stm32/stm32cube/lib..__modules__hal__stm32__stm32cube.a(stm32f7xx_ll_utils.c.obj)
 .comment       0x000000000000002e       0x2f zephyr/kernel/libkernel.a(device.c.obj)
 .comment       0x000000000000002e       0x2f zephyr/kernel/libkernel.a(errno.c.obj)
 .comment       0x000000000000002e       0x2f zephyr/kernel/libkernel.a(fatal.c.obj)
 .comment       0x000000000000002e       0x2f zephyr/kernel/libkernel.a(init.c.obj)
 .comment       0x000000000000002e       0x2f zephyr/kernel/libkernel.a(thread.c.obj)
 .comment       0x000000000000002e       0x2f zephyr/kernel/libkernel.a(idle.c.obj)
 .comment       0x000000000000002e       0x2f zephyr/kernel/libkernel.a(sched.c.obj)
 .comment       0x000000000000002e       0x2f zephyr/kernel/libkernel.a(xip.c.obj)
 .comment       0x000000000000002e       0x2f zephyr/kernel/libkernel.a(timeout.c.obj)
 .comment       0x000000000000002e       0x2f zephyr/kernel/libkernel.a(banner.c.obj)
 .comment       0x000000000000002e       0x2f zephyr/arch/common/libisr_tables.a(isr_tables.c.obj)

.debug
 *(SORT_BY_ALIGNMENT(.debug))

.line
 *(SORT_BY_ALIGNMENT(.line))

.debug_srcinfo
 *(SORT_BY_ALIGNMENT(.debug_srcinfo))

.debug_sfnames
 *(SORT_BY_ALIGNMENT(.debug_sfnames))

.debug_aranges  0x0000000000000000      0xd80
 *(SORT_BY_ALIGNMENT(.debug_aranges))
 .debug_aranges
                0x0000000000000000       0x30 zephyr/arch/arch/arm/core/aarch32/libarch__arm__core__aarch32.a(cpu_idle.S.obj)
 .debug_aranges
                0x0000000000000030       0x20 zephyr/arch/arch/arm/core/aarch32/libarch__arm__core__aarch32.a(nmi_on_reset.S.obj)
 .debug_aranges
                0x0000000000000050       0x28 zephyr/arch/arch/arm/core/aarch32/libarch__arm__core__aarch32.a(swap_helper.S.obj)
 .debug_aranges
                0x0000000000000078       0x20 zephyr/arch/arch/arm/core/aarch32/libarch__arm__core__aarch32.a(isr_wrapper.S.obj)
 .debug_aranges
                0x0000000000000098       0x20 zephyr/arch/arch/arm/core/aarch32/cortex_m/libarch__arm__core__aarch32__cortex_m.a(exc_exit.S.obj)
 .debug_aranges
                0x00000000000000b8       0x20 zephyr/arch/arch/arm/core/aarch32/cortex_m/libarch__arm__core__aarch32__cortex_m.a(fault_s.S.obj)
 .debug_aranges
                0x00000000000000d8       0x20 zephyr/arch/arch/arm/core/aarch32/cortex_m/libarch__arm__core__aarch32__cortex_m.a(reset.S.obj)
 .debug_aranges
                0x00000000000000f8       0x18 zephyr/CMakeFiles/zephyr_pre1.dir/dev_handles.c.obj
 .debug_aranges
                0x0000000000000110       0x20 zephyr/CMakeFiles/offsets.dir/./arch/arm/core/offsets/offsets.c.obj
 .debug_aranges
                0x0000000000000130       0x40 app/libapp.a(gpio_user.c.obj)
 .debug_aranges
                0x0000000000000170       0x20 app/libapp.a(main.c.obj)
 .debug_aranges
                0x0000000000000190       0x68 zephyr/libzephyr.a(printk.c.obj)
 .debug_aranges
                0x00000000000001f8       0x20 zephyr/libzephyr.a(thread_entry.c.obj)
 .debug_aranges
                0x0000000000000218       0x30 zephyr/libzephyr.a(cbprintf_complete.c.obj)
 .debug_aranges
                0x0000000000000248       0x20 zephyr/libzephyr.a(configs.c.obj)
 .debug_aranges
                0x0000000000000268       0x20 zephyr/libzephyr.a(soc.c.obj)
 .debug_aranges
                0x0000000000000288       0x20 zephyr/libzephyr.a(soc_config.c.obj)
 .debug_aranges
                0x00000000000002a8       0x30 zephyr/arch/arch/arm/core/aarch32/libarch__arm__core__aarch32.a(fatal.c.obj)
 .debug_aranges
                0x00000000000002d8       0x40 zephyr/arch/arch/arm/core/aarch32/libarch__arm__core__aarch32.a(irq_manage.c.obj)
 .debug_aranges
                0x0000000000000318       0x20 zephyr/arch/arch/arm/core/aarch32/libarch__arm__core__aarch32.a(nmi.c.obj)
 .debug_aranges
                0x0000000000000338       0x20 zephyr/arch/arch/arm/core/aarch32/libarch__arm__core__aarch32.a(prep_c.c.obj)
 .debug_aranges
                0x0000000000000358       0x20 zephyr/arch/arch/arm/core/aarch32/libarch__arm__core__aarch32.a(swap.c.obj)
 .debug_aranges
                0x0000000000000378       0x30 zephyr/arch/arch/arm/core/aarch32/libarch__arm__core__aarch32.a(thread.c.obj)
 .debug_aranges
                0x00000000000003a8       0x38 zephyr/arch/arch/arm/core/aarch32/cortex_m/libarch__arm__core__aarch32__cortex_m.a(fault.c.obj)
 .debug_aranges
                0x00000000000003e0       0x20 zephyr/arch/arch/arm/core/aarch32/cortex_m/libarch__arm__core__aarch32__cortex_m.a(irq_init.c.obj)
 .debug_aranges
                0x0000000000000400       0x20 zephyr/arch/arch/arm/core/aarch32/cortex_m/libarch__arm__core__aarch32__cortex_m.a(thread_abort.c.obj)
 .debug_aranges
                0x0000000000000420       0x28 zephyr/arch/arch/arm/core/aarch32/mpu/libarch__arm__core__aarch32__mpu.a(arm_core_mpu.c.obj)
 .debug_aranges
                0x0000000000000448       0x48 zephyr/arch/arch/arm/core/aarch32/mpu/libarch__arm__core__aarch32__mpu.a(arm_mpu.c.obj)
 .debug_aranges
                0x0000000000000490       0x98 zephyr/lib/libc/minimal/liblib__libc__minimal.a(string.c.obj)
 .debug_aranges
                0x0000000000000528       0x58 zephyr/lib/libc/minimal/liblib__libc__minimal.a(stdout_console.c.obj)
 .debug_aranges
                0x0000000000000580       0x18 zephyr/soc/arm/common/cortex_m/libsoc__arm__common__cortex_m.a(arm_mpu_regions.c.obj)
 .debug_aranges
                0x0000000000000598       0xb0 zephyr/drivers/interrupt_controller/libdrivers__interrupt_controller.a(intc_exti_stm32.c.obj)
 .debug_aranges
                0x0000000000000648       0x38 zephyr/drivers/clock_control/libdrivers__clock_control.a(clock_stm32_ll_common.c.obj)
 .debug_aranges
                0x0000000000000680       0x30 zephyr/drivers/clock_control/libdrivers__clock_control.a(clock_stm32f2_f4_f7.c.obj)
 .debug_aranges
                0x00000000000006b0       0x30 zephyr/drivers/console/libdrivers__console.a(uart_console.c.obj)
 .debug_aranges
                0x00000000000006e0       0x80 zephyr/drivers/gpio/libdrivers__gpio.a(gpio_stm32.c.obj)
 .debug_aranges
                0x0000000000000760       0x50 zephyr/drivers/serial/libdrivers__serial.a(uart_stm32.c.obj)
 .debug_aranges
                0x00000000000007b0       0x58 zephyr/drivers/timer/libdrivers__timer.a(cortex_m_systick.c.obj)
 .debug_aranges
                0x0000000000000808       0x20 zephyr/drivers/pinctrl/libdrivers__pinctrl.a(common.c.obj)
 .debug_aranges
                0x0000000000000828       0x20 zephyr/drivers/pinctrl/libdrivers__pinctrl.a(pinctrl_stm32.c.obj)
 .debug_aranges
                0x0000000000000848       0x28 modules/stm32/stm32cube/lib..__modules__hal__stm32__stm32cube.a(system_stm32f7xx.c.obj)
 .debug_aranges
                0x0000000000000870       0x58 modules/stm32/stm32cube/lib..__modules__hal__stm32__stm32cube.a(stm32f7xx_ll_utils.c.obj)
 .debug_aranges
                0x00000000000008c8       0x58 zephyr/kernel/libkernel.a(device.c.obj)
 .debug_aranges
                0x0000000000000920       0x20 zephyr/kernel/libkernel.a(errno.c.obj)
 .debug_aranges
                0x0000000000000940       0x58 zephyr/kernel/libkernel.a(fatal.c.obj)
 .debug_aranges
                0x0000000000000998       0x48 zephyr/kernel/libkernel.a(init.c.obj)
 .debug_aranges
                0x00000000000009e0       0xb0 zephyr/kernel/libkernel.a(thread.c.obj)
 .debug_aranges
                0x0000000000000a90       0x28 zephyr/kernel/libkernel.a(idle.c.obj)
 .debug_aranges
                0x0000000000000ab8      0x1d8 zephyr/kernel/libkernel.a(sched.c.obj)
 .debug_aranges
                0x0000000000000c90       0x20 zephyr/kernel/libkernel.a(xip.c.obj)
 .debug_aranges
                0x0000000000000cb0       0x98 zephyr/kernel/libkernel.a(timeout.c.obj)
 .debug_aranges
                0x0000000000000d48       0x20 zephyr/kernel/libkernel.a(banner.c.obj)
 .debug_aranges
                0x0000000000000d68       0x18 zephyr/arch/common/libisr_tables.a(isr_tables.c.obj)

.debug_pubnames
 *(SORT_BY_ALIGNMENT(.debug_pubnames))

.debug_info     0x0000000000000000    0x34b83
 *(SORT_BY_ALIGNMENT(.debug_info) SORT_BY_ALIGNMENT(.gnu.linkonce.wi.*))
 .debug_info    0x0000000000000000      0x268 zephyr/CMakeFiles/zephyr_pre1.dir/dev_handles.c.obj
 .debug_info    0x0000000000000268       0x93 zephyr/CMakeFiles/offsets.dir/./arch/arm/core/offsets/offsets.c.obj
 .debug_info    0x00000000000002fb      0xf53 app/libapp.a(gpio_user.c.obj)
 .debug_info    0x000000000000124e       0x67 app/libapp.a(main.c.obj)
 .debug_info    0x00000000000012b5      0x5ec zephyr/libzephyr.a(printk.c.obj)
 .debug_info    0x00000000000018a1      0x616 zephyr/libzephyr.a(thread_entry.c.obj)
 .debug_info    0x0000000000001eb7     0x1034 zephyr/libzephyr.a(cbprintf_complete.c.obj)
 .debug_info    0x0000000000002eeb       0x38 zephyr/libzephyr.a(configs.c.obj)
 .debug_info    0x0000000000002f23      0x8ea zephyr/libzephyr.a(soc.c.obj)
 .debug_info    0x000000000000380d      0x262 zephyr/libzephyr.a(soc_config.c.obj)
 .debug_info    0x0000000000003a6f       0x22 zephyr/arch/arch/arm/core/aarch32/libarch__arm__core__aarch32.a(cpu_idle.S.obj)
 .debug_info    0x0000000000003a91     0x24e6 zephyr/arch/arch/arm/core/aarch32/libarch__arm__core__aarch32.a(fatal.c.obj)
 .debug_info    0x0000000000005f77      0xac0 zephyr/arch/arch/arm/core/aarch32/libarch__arm__core__aarch32.a(irq_manage.c.obj)
 .debug_info    0x0000000000006a37       0xc2 zephyr/arch/arch/arm/core/aarch32/libarch__arm__core__aarch32.a(nmi.c.obj)
 .debug_info    0x0000000000006af9       0x26 zephyr/arch/arch/arm/core/aarch32/libarch__arm__core__aarch32.a(nmi_on_reset.S.obj)
 .debug_info    0x0000000000006b1f      0x5ed zephyr/arch/arch/arm/core/aarch32/libarch__arm__core__aarch32.a(prep_c.c.obj)
 .debug_info    0x000000000000710c      0x9b7 zephyr/arch/arch/arm/core/aarch32/libarch__arm__core__aarch32.a(swap.c.obj)
 .debug_info    0x0000000000007ac3       0x22 zephyr/arch/arch/arm/core/aarch32/libarch__arm__core__aarch32.a(swap_helper.S.obj)
 .debug_info    0x0000000000007ae5      0x8a9 zephyr/arch/arch/arm/core/aarch32/libarch__arm__core__aarch32.a(thread.c.obj)
 .debug_info    0x000000000000838e       0x26 zephyr/arch/arch/arm/core/aarch32/libarch__arm__core__aarch32.a(isr_wrapper.S.obj)
 .debug_info    0x00000000000083b4       0x26 zephyr/arch/arch/arm/core/aarch32/cortex_m/libarch__arm__core__aarch32__cortex_m.a(exc_exit.S.obj)
 .debug_info    0x00000000000083da     0xbbcf zephyr/arch/arch/arm/core/aarch32/cortex_m/libarch__arm__core__aarch32__cortex_m.a(fault.c.obj)
 .debug_info    0x0000000000013fa9       0x26 zephyr/arch/arch/arm/core/aarch32/cortex_m/libarch__arm__core__aarch32__cortex_m.a(fault_s.S.obj)
 .debug_info    0x0000000000013fcf      0x8d4 zephyr/arch/arch/arm/core/aarch32/cortex_m/libarch__arm__core__aarch32__cortex_m.a(irq_init.c.obj)
 .debug_info    0x00000000000148a3       0x26 zephyr/arch/arch/arm/core/aarch32/cortex_m/libarch__arm__core__aarch32__cortex_m.a(reset.S.obj)
 .debug_info    0x00000000000148c9      0x9f1 zephyr/arch/arch/arm/core/aarch32/cortex_m/libarch__arm__core__aarch32__cortex_m.a(thread_abort.c.obj)
 .debug_info    0x00000000000152ba      0x6dc zephyr/arch/arch/arm/core/aarch32/mpu/libarch__arm__core__aarch32__mpu.a(arm_core_mpu.c.obj)
 .debug_info    0x0000000000015996     0x34db zephyr/arch/arch/arm/core/aarch32/mpu/libarch__arm__core__aarch32__mpu.a(arm_mpu.c.obj)
 .debug_info    0x0000000000018e71      0x730 zephyr/lib/libc/minimal/liblib__libc__minimal.a(string.c.obj)
 .debug_info    0x00000000000195a1      0x692 zephyr/lib/libc/minimal/liblib__libc__minimal.a(stdout_console.c.obj)
 .debug_info    0x0000000000019c33      0x16a zephyr/soc/arm/common/cortex_m/libsoc__arm__common__cortex_m.a(arm_mpu_regions.c.obj)
 .debug_info    0x0000000000019d9d     0x13e4 zephyr/drivers/interrupt_controller/libdrivers__interrupt_controller.a(intc_exti_stm32.c.obj)
 .debug_info    0x000000000001b181      0xec7 zephyr/drivers/clock_control/libdrivers__clock_control.a(clock_stm32_ll_common.c.obj)
 .debug_info    0x000000000001c048      0x3a1 zephyr/drivers/clock_control/libdrivers__clock_control.a(clock_stm32f2_f4_f7.c.obj)
 .debug_info    0x000000000001c3e9      0x803 zephyr/drivers/console/libdrivers__console.a(uart_console.c.obj)
 .debug_info    0x000000000001cbec     0x2c44 zephyr/drivers/gpio/libdrivers__gpio.a(gpio_stm32.c.obj)
 .debug_info    0x000000000001f830     0x32d7 zephyr/drivers/serial/libdrivers__serial.a(uart_stm32.c.obj)
 .debug_info    0x0000000000022b07     0x104b zephyr/drivers/timer/libdrivers__timer.a(cortex_m_systick.c.obj)
 .debug_info    0x0000000000023b52      0x19a zephyr/drivers/pinctrl/libdrivers__pinctrl.a(common.c.obj)
 .debug_info    0x0000000000023cec      0x53d zephyr/drivers/pinctrl/libdrivers__pinctrl.a(pinctrl_stm32.c.obj)
 .debug_info    0x0000000000024229      0x388 modules/stm32/stm32cube/lib..__modules__hal__stm32__stm32cube.a(system_stm32f7xx.c.obj)
 .debug_info    0x00000000000245b1      0xd96 modules/stm32/stm32cube/lib..__modules__hal__stm32__stm32cube.a(stm32f7xx_ll_utils.c.obj)
 .debug_info    0x0000000000025347      0x811 zephyr/kernel/libkernel.a(device.c.obj)
 .debug_info    0x0000000000025b58      0x639 zephyr/kernel/libkernel.a(errno.c.obj)
 .debug_info    0x0000000000026191     0x2827 zephyr/kernel/libkernel.a(fatal.c.obj)
 .debug_info    0x00000000000289b8     0x175a zephyr/kernel/libkernel.a(init.c.obj)
 .debug_info    0x000000000002a112     0x2565 zephyr/kernel/libkernel.a(thread.c.obj)
 .debug_info    0x000000000002c677      0x228 zephyr/kernel/libkernel.a(idle.c.obj)
 .debug_info    0x000000000002c89f     0x63d6 zephyr/kernel/libkernel.a(sched.c.obj)
 .debug_info    0x0000000000032c75      0x148 zephyr/kernel/libkernel.a(xip.c.obj)
 .debug_info    0x0000000000032dbd     0x1b61 zephyr/kernel/libkernel.a(timeout.c.obj)
 .debug_info    0x000000000003491e       0xff zephyr/kernel/libkernel.a(banner.c.obj)
 .debug_info    0x0000000000034a1d      0x166 zephyr/arch/common/libisr_tables.a(isr_tables.c.obj)

.debug_abbrev   0x0000000000000000     0x768e
 *(SORT_BY_ALIGNMENT(.debug_abbrev))
 .debug_abbrev  0x0000000000000000       0x82 zephyr/CMakeFiles/zephyr_pre1.dir/dev_handles.c.obj
 .debug_abbrev  0x0000000000000082       0x44 zephyr/CMakeFiles/offsets.dir/./arch/arm/core/offsets/offsets.c.obj
 .debug_abbrev  0x00000000000000c6      0x3b3 app/libapp.a(gpio_user.c.obj)
 .debug_abbrev  0x0000000000000479       0x61 app/libapp.a(main.c.obj)
 .debug_abbrev  0x00000000000004da      0x2ad zephyr/libzephyr.a(printk.c.obj)
 .debug_abbrev  0x0000000000000787      0x239 zephyr/libzephyr.a(thread_entry.c.obj)
 .debug_abbrev  0x00000000000009c0      0x40a zephyr/libzephyr.a(cbprintf_complete.c.obj)
 .debug_abbrev  0x0000000000000dca       0x2e zephyr/libzephyr.a(configs.c.obj)
 .debug_abbrev  0x0000000000000df8      0x2b0 zephyr/libzephyr.a(soc.c.obj)
 .debug_abbrev  0x00000000000010a8      0x144 zephyr/libzephyr.a(soc_config.c.obj)
 .debug_abbrev  0x00000000000011ec       0x12 zephyr/arch/arch/arm/core/aarch32/libarch__arm__core__aarch32.a(cpu_idle.S.obj)
 .debug_abbrev  0x00000000000011fe      0x302 zephyr/arch/arch/arm/core/aarch32/libarch__arm__core__aarch32.a(fatal.c.obj)
 .debug_abbrev  0x0000000000001500      0x22b zephyr/arch/arch/arm/core/aarch32/libarch__arm__core__aarch32.a(irq_manage.c.obj)
 .debug_abbrev  0x000000000000172b       0x72 zephyr/arch/arch/arm/core/aarch32/libarch__arm__core__aarch32.a(nmi.c.obj)
 .debug_abbrev  0x000000000000179d       0x14 zephyr/arch/arch/arm/core/aarch32/libarch__arm__core__aarch32.a(nmi_on_reset.S.obj)
 .debug_abbrev  0x00000000000017b1      0x1ea zephyr/arch/arch/arm/core/aarch32/libarch__arm__core__aarch32.a(prep_c.c.obj)
 .debug_abbrev  0x000000000000199b      0x1ea zephyr/arch/arch/arm/core/aarch32/libarch__arm__core__aarch32.a(swap.c.obj)
 .debug_abbrev  0x0000000000001b85       0x12 zephyr/arch/arch/arm/core/aarch32/libarch__arm__core__aarch32.a(swap_helper.S.obj)
 .debug_abbrev  0x0000000000001b97      0x252 zephyr/arch/arch/arm/core/aarch32/libarch__arm__core__aarch32.a(thread.c.obj)
 .debug_abbrev  0x0000000000001de9       0x14 zephyr/arch/arch/arm/core/aarch32/libarch__arm__core__aarch32.a(isr_wrapper.S.obj)
 .debug_abbrev  0x0000000000001dfd       0x14 zephyr/arch/arch/arm/core/aarch32/cortex_m/libarch__arm__core__aarch32__cortex_m.a(exc_exit.S.obj)
 .debug_abbrev  0x0000000000001e11      0x453 zephyr/arch/arch/arm/core/aarch32/cortex_m/libarch__arm__core__aarch32__cortex_m.a(fault.c.obj)
 .debug_abbrev  0x0000000000002264       0x14 zephyr/arch/arch/arm/core/aarch32/cortex_m/libarch__arm__core__aarch32__cortex_m.a(fault_s.S.obj)
 .debug_abbrev  0x0000000000002278      0x159 zephyr/arch/arch/arm/core/aarch32/cortex_m/libarch__arm__core__aarch32__cortex_m.a(irq_init.c.obj)
 .debug_abbrev  0x00000000000023d1       0x14 zephyr/arch/arch/arm/core/aarch32/cortex_m/libarch__arm__core__aarch32__cortex_m.a(reset.S.obj)
 .debug_abbrev  0x00000000000023e5      0x236 zephyr/arch/arch/arm/core/aarch32/cortex_m/libarch__arm__core__aarch32__cortex_m.a(thread_abort.c.obj)
 .debug_abbrev  0x000000000000261b      0x1ff zephyr/arch/arch/arm/core/aarch32/mpu/libarch__arm__core__aarch32__mpu.a(arm_core_mpu.c.obj)
 .debug_abbrev  0x000000000000281a      0x42f zephyr/arch/arch/arm/core/aarch32/mpu/libarch__arm__core__aarch32__mpu.a(arm_mpu.c.obj)
 .debug_abbrev  0x0000000000002c49      0x171 zephyr/lib/libc/minimal/liblib__libc__minimal.a(string.c.obj)
 .debug_abbrev  0x0000000000002dba      0x255 zephyr/lib/libc/minimal/liblib__libc__minimal.a(stdout_console.c.obj)
 .debug_abbrev  0x000000000000300f       0xac zephyr/soc/arm/common/cortex_m/libsoc__arm__common__cortex_m.a(arm_mpu_regions.c.obj)
 .debug_abbrev  0x00000000000030bb      0x4b3 zephyr/drivers/interrupt_controller/libdrivers__interrupt_controller.a(intc_exti_stm32.c.obj)
 .debug_abbrev  0x000000000000356e      0x443 zephyr/drivers/clock_control/libdrivers__clock_control.a(clock_stm32_ll_common.c.obj)
 .debug_abbrev  0x00000000000039b1      0x179 zephyr/drivers/clock_control/libdrivers__clock_control.a(clock_stm32f2_f4_f7.c.obj)
 .debug_abbrev  0x0000000000003b2a      0x39a zephyr/drivers/console/libdrivers__console.a(uart_console.c.obj)
 .debug_abbrev  0x0000000000003ec4      0x52d zephyr/drivers/gpio/libdrivers__gpio.a(gpio_stm32.c.obj)
 .debug_abbrev  0x00000000000043f1      0x4d6 zephyr/drivers/serial/libdrivers__serial.a(uart_stm32.c.obj)
 .debug_abbrev  0x00000000000048c7      0x402 zephyr/drivers/timer/libdrivers__timer.a(cortex_m_systick.c.obj)
 .debug_abbrev  0x0000000000004cc9       0xd0 zephyr/drivers/pinctrl/libdrivers__pinctrl.a(common.c.obj)
 .debug_abbrev  0x0000000000004d99      0x2ab zephyr/drivers/pinctrl/libdrivers__pinctrl.a(pinctrl_stm32.c.obj)
 .debug_abbrev  0x0000000000005044      0x119 modules/stm32/stm32cube/lib..__modules__hal__stm32__stm32cube.a(system_stm32f7xx.c.obj)
 .debug_abbrev  0x000000000000515d      0x354 modules/stm32/stm32cube/lib..__modules__hal__stm32__stm32cube.a(stm32f7xx_ll_utils.c.obj)
 .debug_abbrev  0x00000000000054b1      0x32d zephyr/kernel/libkernel.a(device.c.obj)
 .debug_abbrev  0x00000000000057de      0x17c zephyr/kernel/libkernel.a(errno.c.obj)
 .debug_abbrev  0x000000000000595a      0x42c zephyr/kernel/libkernel.a(fatal.c.obj)
 .debug_abbrev  0x0000000000005d86      0x4f5 zephyr/kernel/libkernel.a(init.c.obj)
 .debug_abbrev  0x000000000000627b      0x57c zephyr/kernel/libkernel.a(thread.c.obj)
 .debug_abbrev  0x00000000000067f7      0x149 zephyr/kernel/libkernel.a(idle.c.obj)